Archive member included because of file (symbol)

/home/boricj/Documents/Projects/minix/src/releasetools/rpi-tools/arm-bcm2708/arm-bcm2708-linux-gnueabi/bin/../lib/gcc/arm-bcm2708-linux-gnueabi/4.7.1/libgcc.a(_udivsi3.o)
                              cmd/built-in.o (__aeabi_uidiv)
/home/boricj/Documents/Projects/minix/src/releasetools/rpi-tools/arm-bcm2708/arm-bcm2708-linux-gnueabi/bin/../lib/gcc/arm-bcm2708-linux-gnueabi/4.7.1/libgcc.a(_divsi3.o)
                              cmd/built-in.o (__aeabi_idiv)
/home/boricj/Documents/Projects/minix/src/releasetools/rpi-tools/arm-bcm2708/arm-bcm2708-linux-gnueabi/bin/../lib/gcc/arm-bcm2708-linux-gnueabi/4.7.1/libgcc.a(_lshrdi3.o)
                              fs/built-in.o (__aeabi_llsr)
/home/boricj/Documents/Projects/minix/src/releasetools/rpi-tools/arm-bcm2708/arm-bcm2708-linux-gnueabi/bin/../lib/gcc/arm-bcm2708-linux-gnueabi/4.7.1/libgcc.a(_ashldi3.o)
                              drivers/mmc/built-in.o (__aeabi_llsl)
/home/boricj/Documents/Projects/minix/src/releasetools/rpi-tools/arm-bcm2708/arm-bcm2708-linux-gnueabi/bin/../lib/gcc/arm-bcm2708-linux-gnueabi/4.7.1/libgcc.a(_dvmd_lnx.o)
                              /home/boricj/Documents/Projects/minix/src/releasetools/rpi-tools/arm-bcm2708/arm-bcm2708-linux-gnueabi/bin/../lib/gcc/arm-bcm2708-linux-gnueabi/4.7.1/libgcc.a(_udivsi3.o) (__aeabi_idiv0)

Discarded input sections

 .data          0x00000000        0x0 arch/arm/cpu/arm1176/start.o
 .bss           0x00000000        0x0 arch/arm/cpu/arm1176/start.o
 .text          0x00000000        0x0 arch/arm/cpu/arm1176/built-in.o
 .text.invalidate_dcache_all
                0x00000000        0xc arch/arm/cpu/arm1176/built-in.o
 .data          0x00000000        0x0 arch/arm/cpu/arm1176/built-in.o
 .bss           0x00000000        0x0 arch/arm/cpu/arm1176/built-in.o
 .text.enable_caches
                0x00000000        0xc arch/arm/lib/built-in.o
 .text.invalidate_dcache_range
                0x00000000        0x4 arch/arm/lib/built-in.o
 .text.flush_dcache_range
                0x00000000        0x4 arch/arm/lib/built-in.o
 .text.flush_dcache_all
                0x00000000        0xc arch/arm/lib/built-in.o
 .text.icache_status
                0x00000000       0x10 arch/arm/lib/built-in.o
 .data          0x00000000        0x0 arch/arm/lib/built-in.o
 .__secure_end  0x00000000        0x0 arch/arm/lib/built-in.o
 .__secure_start
                0x00000000        0x0 arch/arm/lib/built-in.o
 .bss           0x00000000        0x0 arch/arm/lib/built-in.o
 .data          0x00000000        0x0 arch/arm/mach-bcm283x/built-in.o
 .bss           0x00000000        0x0 arch/arm/mach-bcm283x/built-in.o
 .text          0x00000000        0x0 board/raspberrypi/rpi/built-in.o
 .data          0x00000000        0x0 board/raspberrypi/rpi/built-in.o
 .bss           0x00000000        0x0 board/raspberrypi/rpi/built-in.o
 .text          0x00000000        0x0 cmd/built-in.o
 .text.bootz_setup
                0x00000000       0x18 cmd/built-in.o
 .text.name_to_gpio
                0x00000000        0xc cmd/built-in.o
 .data          0x00000000        0x0 cmd/built-in.o
 .bss           0x00000000        0x0 cmd/built-in.o
 .text          0x00000000        0x0 common/built-in.o
 .text.hash_finish_crc32
                0x00000000       0x30 common/built-in.o
 .text.hash_update_crc32
                0x00000000       0x24 common/built-in.o
 .text.hash_init_crc32
                0x00000000       0x24 common/built-in.o
 .text.hash_lookup_algo
                0x00000000       0x28 common/built-in.o
 .text.hash_progressive_lookup_algo
                0x00000000       0x3c common/built-in.o
 .text.hash_parse_string
                0x00000000       0x64 common/built-in.o
 .text.hash_block
                0x00000000       0x70 common/built-in.o
 .text.unset_local_var
                0x00000000       0xa4 common/built-in.o
 .text.arch_cpu_init
                0x00000000        0x8 common/built-in.o
 .text.red_led_off
                0x00000000        0x4 common/built-in.o
 .text.green_led_on
                0x00000000        0x4 common/built-in.o
 .text.green_led_off
                0x00000000        0x4 common/built-in.o
 .text.yellow_led_on
                0x00000000        0x4 common/built-in.o
 .text.yellow_led_off
                0x00000000        0x4 common/built-in.o
 .text.blue_led_on
                0x00000000        0x4 common/built-in.o
 .text.blue_led_off
                0x00000000        0x4 common/built-in.o
 .text.arch_reserve_stacks
                0x00000000        0x8 common/built-in.o
 .text.board_flash_wp_on
                0x00000000        0x8 common/built-in.o
 .text.fixup_cpu
                0x00000000        0x8 common/built-in.o
 .text.env_flags_parse_varaccess_from_binflags
                0x00000000       0x4c common/built-in.o
 .text.of_bus_default_map
                0x00000000      0x128 common/built-in.o
 .text.fdt_read_prop
[...]
Memory Configuration

Name             Origin             Length             Attributes
*default*        0x00000000         0xffffffff

Linker script and memory map

Address of section .text set to 0x8000
                0x00000000                . = 0x0
                0x00000000                . = ALIGN (0x4)

.text           0x00008000    0x39604
 *(.__image_copy_start)
 .__image_copy_start
                0x00008000        0x0 arch/arm/lib/built-in.o
                0x00008000                __image_copy_start
 *(.vectors)
 .vectors       0x00008000      0x300 arch/arm/lib/built-in.o
                0x00008000                _start
                0x00008020                _undefined_instruction
                0x00008024                _software_interrupt
                0x00008028                _prefetch_abort
                0x0000802c                _data_abort
                0x00008030                _not_used
                0x00008034                _irq
                0x00008038                _fiq
                0x00008040                IRQ_STACK_START_IN
 arch/arm/cpu/arm1176/start.o(.text*)
 .text          0x00008300       0x60 arch/arm/cpu/arm1176/start.o
                0x00008300                reset
                0x00008358                c_runtime_cpu_setup
 *(.text*)
 .text.cleanup_before_linux
                0x00008360       0x28 arch/arm/cpu/arm1176/built-in.o
                0x00008360                cleanup_before_linux
 .text.flush_dcache_all
                0x00008388       0x10 arch/arm/cpu/arm1176/built-in.o
                0x00008388                flush_dcache_all
 .text.invalidate_dcache_range
                0x00008398       0x28 arch/arm/cpu/arm1176/built-in.o
                0x00008398                invalidate_dcache_range
 .text.flush_dcache_range
                0x000083c0       0x30 arch/arm/cpu/arm1176/built-in.o
                0x000083c0                flush_dcache_range
 .text.enable_caches
                0x000083f0       0x10 arch/arm/cpu/arm1176/built-in.o
                0x000083f0                enable_caches
 .text          0x00008400       0x90 arch/arm/lib/built-in.o
                0x00008400                _main
 .text.relocate_vectors
                0x00008490       0x70 arch/arm/lib/built-in.o
                0x00008490                relocate_vectors
                0x0000849c                relocate_code
 .text.arch_fixup_fdt
                0x00008500       0x38 arch/arm/lib/built-in.o
                0x00008500                arch_fixup_fdt
 .text.boot_jump_linux
                0x00008538       0xc0 arch/arm/lib/built-in.o
 .text.arch_lmb_reserve
                0x000085f8       0x24 arch/arm/lib/built-in.o
                0x000085f8                arch_lmb_reserve
 .text.setup_board_tags
                0x0000861c        0x4 arch/arm/lib/built-in.o
                0x0000861c                setup_board_tags
 .text.boot_prep_linux
                0x00008620      0x1c0 arch/arm/lib/built-in.o
 .text.do_bootm_linux
                0x000087e0       0x60 arch/arm/lib/built-in.o
                0x000087e0                do_bootm_linux
 .text.bootz_setup
                0x00008840       0x60 arch/arm/lib/built-in.o
                0x00008840                bootz_setup
 .text.boot_prep_vxworks
                0x000088a0       0x4c arch/arm/lib/built-in.o
                0x000088a0                boot_prep_vxworks
 .text.boot_jump_vxworks
                0x000088ec       0x14 arch/arm/lib/built-in.o
                0x000088ec                boot_jump_vxworks
 .text.arch_reserve_stacks
                0x00008900       0x1c arch/arm/lib/built-in.o
                0x00008900                arch_reserve_stacks
 .text.interrupt_init
                0x0000891c       0x1c arch/arm/lib/built-in.o
                0x0000891c                interrupt_init
 .text.enable_interrupts
                0x00008938        0x4 arch/arm/lib/built-in.o
                0x00008938                enable_interrupts
 .text.disable_interrupts
                0x0000893c        0x8 arch/arm/lib/built-in.o
                0x0000893c                disable_interrupts
 .text.bad_mode
                0x00008944       0x10 arch/arm/lib/built-in.o
                0x00008944                bad_mode
 .text.show_regs
                0x00008954      0x174 arch/arm/lib/built-in.o
                0x00008954                show_regs
 .text.do_undefined_instruction
                0x00008ac8       0x24 arch/arm/lib/built-in.o
                0x00008ac8                do_undefined_instruction
 .text.do_software_interrupt
                0x00008aec       0x24 arch/arm/lib/built-in.o
                0x00008aec                do_software_interrupt
 .text.do_prefetch_abort
                0x00008b10       0x24 arch/arm/lib/built-in.o
                0x00008b10                do_prefetch_abort
 .text.do_data_abort
                0x00008b34       0x24 arch/arm/lib/built-in.o
                0x00008b34                do_data_abort
 .text.do_not_used
                0x00008b58       0x24 arch/arm/lib/built-in.o
                0x00008b58                do_not_used
 .text.do_fiq   0x00008b7c       0x24 arch/arm/lib/built-in.o
                0x00008b7c                do_fiq
 .text.do_irq   0x00008ba0       0x24 arch/arm/lib/built-in.o
                0x00008ba0                do_irq
 .text.reset_misc
                0x00008bc4        0x4 arch/arm/lib/built-in.o
                0x00008bc4                reset_misc
 .text.do_reset
                0x00008bc8       0x34 arch/arm/lib/built-in.o
                0x00008bc8                do_reset
 .text.flush_cache
                0x00008bfc        0x8 arch/arm/lib/built-in.o
                0x00008bfc                flush_cache
 .text.cp_delay
                0x00008c04       0x30 arch/arm/lib/built-in.o
 .text.arm_init_before_mmu
                0x00008c34        0x4 arch/arm/lib/built-in.o
                0x00008c34                arm_init_before_mmu
 .text.arm_init_domains
                0x00008c38        0x4 arch/arm/lib/built-in.o
                0x00008c38                arm_init_domains
 .text.set_section_dcache
                0x00008c3c       0x14 arch/arm/lib/built-in.o
                0x00008c3c                set_section_dcache
 .text.mmu_page_table_flush
                0x00008c50        0x4 arch/arm/lib/built-in.o
                0x00008c50                mmu_page_table_flush
 .text.mmu_set_region_dcache_behaviour
                0x00008c54       0x50 arch/arm/lib/built-in.o
                0x00008c54                mmu_set_region_dcache_behaviour
 .text.dram_bank_mmu_setup
                0x00008ca4       0x4c arch/arm/lib/built-in.o
                0x00008ca4                dram_bank_mmu_setup
 .text.icache_enable
                0x00008cf0       0x18 arch/arm/lib/built-in.o
                0x00008cf0                icache_enable
 .text.icache_disable
                0x00008d08       0x20 arch/arm/lib/built-in.o
                0x00008d08                icache_disable
 .text.dcache_enable
                0x00008d28       0x6c arch/arm/lib/built-in.o
                0x00008d28                dcache_enable
 .text.dcache_disable
                0x00008d94       0x2c arch/arm/lib/built-in.o
                0x00008d94                dcache_disable
 .text.dcache_status
                0x00008dc0       0x10 arch/arm/lib/built-in.o
                0x00008dc0                dcache_status
 .text          0x00008dd0        0x4 arch/arm/mach-bcm283x/built-in.o
                0x00008dd0                lowlevel_init
 .text.arch_cpu_init
                0x00008dd4       0x10 arch/arm/mach-bcm283x/built-in.o
                0x00008dd4                arch_cpu_init
 .text.reset_cpu
                0x00008de4       0x2c arch/arm/mach-bcm283x/built-in.o
                0x00008de4                reset_cpu
 .text.bcm2835_mbox_call_raw
                0x00008e10      0x108 arch/arm/mach-bcm283x/built-in.o
                0x00008e10                bcm2835_mbox_call_raw
 .text.bcm2835_mbox_call_prop
                0x00008f18       0xe8 arch/arm/mach-bcm283x/built-in.o
                0x00008f18                bcm2835_mbox_call_prop
 .text.phys_to_bus
                0x00009000        0x8 arch/arm/mach-bcm283x/built-in.o
                0x00009000                phys_to_bus
 .text.bus_to_phys
                0x00009008        0x8 arch/arm/mach-bcm283x/built-in.o
                0x00009008                bus_to_phys
 .text.power_on_module
                0x00009010       0x88 board/raspberrypi/rpi/built-in.o
 .text.dram_init
                0x00009098       0x84 board/raspberrypi/rpi/built-in.o
                0x00009098                dram_init
 .text.misc_init_r
                0x0000911c      0x244 board/raspberrypi/rpi/built-in.o
                0x0000911c                misc_init_r
 .text.board_init
                0x00009360      0x168 board/raspberrypi/rpi/built-in.o
                0x00009360                board_init
 .text.board_mmc_init
                0x000094c8       0x9c board/raspberrypi/rpi/built-in.o
                0x000094c8                board_mmc_init
 .text.ft_board_setup
                0x00009564       0x10 board/raspberrypi/rpi/built-in.o
                0x00009564                ft_board_setup
 .text.do_go_exec
                0x00009574       0x18 cmd/built-in.o
                0x00009574                do_go_exec
 .text.do_go    0x0000958c       0x70 cmd/built-in.o
 .text.image_info
                0x000095fc       0xd8 cmd/built-in.o
 .text.do_bootd
                0x000096d4       0x20 cmd/built-in.o
                0x000096d4                do_bootd
 .text.do_bootm
                0x000096f4      0x108 cmd/built-in.o
                0x000096f4                do_bootm
 .text.do_iminfo
                0x000097fc       0x60 cmd/built-in.o
 .text.bootm_maybe_autostart
                0x0000985c       0x74 cmd/built-in.o
                0x0000985c                bootm_maybe_autostart
 .text.do_bootz
                0x000098d0       0xf8 cmd/built-in.o
                0x000098d0                do_bootz
 .text.do_help  0x000099c8       0x44 cmd/built-in.o
 .text.do_version
                0x00009a0c       0x38 cmd/built-in.o
 .text.source   0x00009a44      0x104 cmd/built-in.o
                0x00009a44                source
 .text.do_source
                0x00009b48       0x48 cmd/built-in.o
 .text.print_num
                0x00009b90       0x18 cmd/built-in.o
 .text.do_bdinfo
                0x00009ba8      0x18c cmd/built-in.o
 .text.bootefi_open_dp
                0x00009d34       0x14 cmd/built-in.o
 .text.do_bootefi_exec
                0x00009d48      0x26c cmd/built-in.o
 .text.do_bootefi
                0x00009fb4       0x90 cmd/built-in.o
 .text.efi_set_bootdev
                0x0000a044      0x15c cmd/built-in.o
                0x0000a044                efi_set_bootdev
 .text.do_coninfo
                0x0000a1a0       0xac cmd/built-in.o
 .text.do_echo  0x0000a24c       0xb0 cmd/built-in.o
 .text.load_elf_image_shdr
                0x0000a2fc       0x8c cmd/built-in.o
 .text.valid_elf_image
                0x0000a388       0x4c cmd/built-in.o
                0x0000a388                valid_elf_image
 .text.do_bootvx
                0x0000a3d4      0x364 cmd/built-in.o
                0x0000a3d4                do_bootvx
 .text.do_bootelf
                0x0000a738      0x1c0 cmd/built-in.o
                0x0000a738                do_bootelf
 .text.do_exit  0x0000a8f8       0x34 cmd/built-in.o
 .text.do_ext4_ls
                0x0000a92c       0x14 cmd/built-in.o
                0x0000a92c                do_ext4_ls
 .text.do_ext4_load
                0x0000a940       0x14 cmd/built-in.o
                0x0000a940                do_ext4_load
 .text.do_ext4_size
                0x0000a954       0x14 cmd/built-in.o
                0x0000a954                do_ext4_size
 .text.do_ext2ls
                0x0000a968       0x14 cmd/built-in.o
 .text.do_ext2load
                0x0000a97c       0x14 cmd/built-in.o
                0x0000a97c                do_ext2load
 .text.do_fat_fswrite
                0x0000a990      0x10c cmd/built-in.o
 .text.do_fat_fsinfo
                0x0000aa9c       0x90 cmd/built-in.o
 .text.do_fat_ls
                0x0000ab2c       0x14 cmd/built-in.o
 .text.do_fat_fsload
                0x0000ab40       0x14 cmd/built-in.o
                0x0000ab40                do_fat_fsload
 .text.do_fat_size
                0x0000ab54       0x14 cmd/built-in.o
                0x0000ab54                do_fat_size
 .text.fdt_valid
                0x0000ab68       0xfc cmd/built-in.o
 .text.is_printable_string
                0x0000ac64       0x90 cmd/built-in.o
 .text.print_data
                0x0000acf4      0x184 cmd/built-in.o
 .text.set_working_fdt_addr
                0x0000ae78       0x1c cmd/built-in.o
                0x0000ae78                set_working_fdt_addr
 .text.do_fdt   0x0000ae94     0x1060 cmd/built-in.o
 .text.do_fstype_wrapper
                0x0000bef4        0x4 cmd/built-in.o
 .text.do_ls_wrapper
                0x0000bef8       0x14 cmd/built-in.o
 .text.do_save_wrapper
                0x0000bf0c       0x14 cmd/built-in.o
 .text.do_load_wrapper
                0x0000bf20       0x68 cmd/built-in.o
 .text.do_size_wrapper
                0x0000bf88       0x14 cmd/built-in.o
 .text.gpio_get_description
                0x0000bf9c       0xc4 cmd/built-in.o
 .text.do_gpio  0x0000c060      0x380 cmd/built-in.o
 .text.evalexp  0x0000c3e0       0x78 cmd/built-in.o
 .text.evalstr  0x0000c458       0x70 cmd/built-in.o
 .text.binary_test
                0x0000c4c8      0x19c cmd/built-in.o
 .text.do_itest
                0x0000c664       0x98 cmd/built-in.o
 .text.bin_data_init
                0x0000c6fc       0x2c cmd/built-in.o
 .text.k_data_restore
                0x0000c728       0x4c cmd/built-in.o
 .text.load_serial_ymodem
                0x0000c774       0xe0 cmd/built-in.o
 .text.getcxmodem
                0x0000c854       0x20 cmd/built-in.o
 .text.bin_data_char
                0x0000c874       0x28 cmd/built-in.o
 .text.chk1.constprop.1
                0x0000c89c       0x30 cmd/built-in.o
 .text.s1_sendpacket.constprop.2
                0x0000c8cc       0x50 cmd/built-in.o
 .text.load_serial
                0x0000c91c      0x1fc cmd/built-in.o
 .text.do_load_serial
                0x0000cb18       0xe0 cmd/built-in.o
 .text.do_load_serial_bin
                0x0000cbf8      0x80c cmd/built-in.o
 .text.do_mem_loop
                0x0000d404       0xfc cmd/built-in.o
 .text.do_mem_mw
                0x0000d500       0xc4 cmd/built-in.o
 .text.do_mem_base
                0x0000d5c4       0x40 cmd/built-in.o
 .text.do_mem_cmp
                0x0000d604      0x16c cmd/built-in.o
 .text.do_mem_crc
                0x0000d770       0x48 cmd/built-in.o
 .text.do_mem_cp
                0x0000d7b8       0xd8 cmd/built-in.o
 .text.do_mem_md
                0x0000d890       0xec cmd/built-in.o
 .text.mod_mem.isra.2
                0x0000d97c      0x178 cmd/built-in.o
 .text.do_mem_nm
                0x0000daf4        0x8 cmd/built-in.o
 .text.do_mem_mm
                0x0000dafc        0x8 cmd/built-in.o
 .text.extract_range
                0x0000db04       0x4c cmd/built-in.o
 .text.do_mii   0x0000db50      0x900 cmd/built-in.o
 .text.do_sleep
                0x0000e450       0x70 cmd/built-in.o
 .text.init_mmc_device
                0x0000e4c0       0x50 cmd/built-in.o
 .text.do_mmc_rescan
                0x0000e510       0x24 cmd/built-in.o
 .text.do_mmcinfo
                0x0000e534      0x3a8 cmd/built-in.o
 .text.do_mmcops
                0x0000e8dc       0xbc cmd/built-in.o
 .text.do_mmc_hwpartition
                0x0000e998      0x510 cmd/built-in.o
 .text.do_mmc_list
                0x0000eea8       0x14 cmd/built-in.o
 .text.do_mmc_dev
                0x0000eebc      0x134 cmd/built-in.o
 .text.do_mmc_part
                0x0000eff0       0x5c cmd/built-in.o
 .text.do_mmc_erase
                0x0000f04c       0xf0 cmd/built-in.o
 .text.do_mmc_write
                0x0000f13c      0x108 cmd/built-in.o
 .text.do_mmc_read
                0x0000f244       0xec cmd/built-in.o
 .text.do_mmc_setdsr
                0x0000f330       0xb0 cmd/built-in.o
 .text.netboot_common
                0x0000f3e0      0x2a8 cmd/built-in.o
 .text.do_nfs   0x0000f688        0xc cmd/built-in.o
 .text.do_dhcp  0x0000f694        0xc cmd/built-in.o
 .text.do_bootp
                0x0000f6a0        0xc cmd/built-in.o
 .text.do_tftpb
                0x0000f6ac       0x40 cmd/built-in.o
                0x0000f6ac                do_tftpb
 .text.do_ping  0x0000f6ec       0x74 cmd/built-in.o
 .text.do_part_list
                0x0000f760      0x174 cmd/built-in.o
 .text.do_part_start
                0x0000f8d4       0xcc cmd/built-in.o
 .text.do_part_size
                0x0000f9a0       0xcc cmd/built-in.o
 .text.do_part  0x0000fa6c      0x118 cmd/built-in.o
 .text.eol_or_eof
                0x0000fb84       0x24 cmd/built-in.o
 .text.from_env
                0x0000fba8       0x2c cmd/built-in.o
 .text.label_print
                0x0000fbd4       0x1c cmd/built-in.o
 .text.get_string
                0x0000fbf0       0xd4 cmd/built-in.o
 .text.label_destroy
                0x0000fcc4       0x74 cmd/built-in.o
 .text.destroy_pxe_menu
                0x0000fd38       0x5c cmd/built-in.o
 .text.get_token
                0x0000fd94      0x128 cmd/built-in.o
 .text.parse_sliteral
                0x0000febc       0x54 cmd/built-in.o
 .text.parse_integer
                0x0000ff10       0x6c cmd/built-in.o
 .text.do_get_any
                0x0000ff7c       0x40 cmd/built-in.o
 .text.do_get_fat
                0x0000ffbc       0x3c cmd/built-in.o
 .text.do_get_ext2
                0x0000fff8       0x3c cmd/built-in.o
 .text.do_pxe   0x00010034       0x6c cmd/built-in.o
 .text.do_get_tftp
                0x000100a0       0x44 cmd/built-in.o
 .text.format_mac_pxe.constprop.7
                0x000100e4       0x78 cmd/built-in.o
 .text.get_relfile
                0x0001015c      0x13c cmd/built-in.o
 .text.get_pxe_file
                0x00010298       0x60 cmd/built-in.o
 .text.get_pxelinux_path
                0x000102f8       0x80 cmd/built-in.o
 .text.do_pxe_get
                0x00010378      0x178 cmd/built-in.o
 .text.handle_include
                0x000104f0       0xa4 cmd/built-in.o
 .text.parse_pxefile_top
                0x00010594      0x498 cmd/built-in.o
 .text.parse_pxefile
                0x00010a2c       0x6c cmd/built-in.o
 .text.get_relfile_envaddr
                0x00010a98       0x54 cmd/built-in.o
 .text.label_boot
                0x00010aec      0x5a4 cmd/built-in.o
 .text.handle_pxe_menu
                0x00011090      0x170 cmd/built-in.o
 .text.do_sysboot
                0x00011200      0x1e8 cmd/built-in.o
 .text.do_pxe_boot
                0x000113e8       0xdc cmd/built-in.o
 .text.get_arg  0x000114c4       0x60 cmd/built-in.o
 .text.substitute
                0x00011524       0xf8 cmd/built-in.o
 .text.regex_sub
                0x0001161c      0x3f8 cmd/built-in.o
 .text.do_setexpr
                0x00011a14      0x1a4 cmd/built-in.o
 .text.do_false
                0x00011bb8        0x8 cmd/built-in.o
 .text.do_true  0x00011bc0        0x8 cmd/built-in.o
 .text.do_test  0x00011bc8      0x354 cmd/built-in.o
 .text.usb_get_class_desc
                0x00011f1c       0xc4 cmd/built-in.o
 .text.do_usbboot
                0x00011fe0        0xc cmd/built-in.o
 .text.usb_display_class_sub
                0x00011fec      0x188 cmd/built-in.o
 .text.usb_find_device
                0x00012174       0x3c cmd/built-in.o
 .text.usb_show_tree_graph
                0x000121b0      0x228 cmd/built-in.o
 .text.usb_display_string
                0x000123d8       0x44 cmd/built-in.o
 .text.usb_display_config
                0x0001241c      0x22c cmd/built-in.o
 .text.do_usb_start
                0x00012648       0x48 cmd/built-in.o
 .text.usb_display_desc.part.5
                0x00012690      0x124 cmd/built-in.o
 .text.usb_show_tree
                0x000127b4       0x54 cmd/built-in.o
                0x000127b4                usb_show_tree
 .text.do_usb   0x00012808      0x76c cmd/built-in.o
 .text.do_imgextract
                0x00012f74      0x294 cmd/built-in.o
 .text.do_env_delete
                0x00013208       0xa8 cmd/built-in.o
 .text.do_env_exists
                0x000132b0       0x64 cmd/built-in.o
 .text.env_print
                0x00013314       0xc8 cmd/built-in.o
 .text.do_env_print
                0x000133dc       0xc8 cmd/built-in.o
 .text.do_env   0x000134a4       0x5c cmd/built-in.o
 .text.do_env_import
                0x00013500      0x2a4 cmd/built-in.o
 .text.do_env_default
                0x000137a4       0xb4 cmd/built-in.o
 .text.do_env_save
                0x00013858       0x2c cmd/built-in.o
 .text._do_env_set.isra.1
                0x00013884      0x1d8 cmd/built-in.o
 .text.do_env_set
                0x00013a5c       0x20 cmd/built-in.o
 .text.get_env_id
                0x00013a7c       0x10 cmd/built-in.o
                0x00013a7c                get_env_id
 .text.setenv   0x00013a8c       0x64 cmd/built-in.o
                0x00013a8c                setenv
 .text.setenv_ulong
                0x00013af0       0x20 cmd/built-in.o
                0x00013af0                setenv_ulong
 .text.setenv_hex
                0x00013b10       0x34 cmd/built-in.o
                0x00013b10                setenv_hex
 .text.do_env_export
                0x00013b44      0x274 cmd/built-in.o
 .text.envmatch
                0x00013db8       0x6c cmd/built-in.o
                0x00013db8                envmatch
 .text.getenv_f
                0x00013e24       0xd0 cmd/built-in.o
                0x00013e24                getenv_f
 .text.getenv   0x00013ef4       0x78 cmd/built-in.o
                0x00013ef4                getenv
 .text.do_env_edit.part.3
                0x00013f6c       0xac cmd/built-in.o
 .text.do_env_edit
                0x00014018       0x2c cmd/built-in.o
 .text.getenv_ulong
                0x00014044       0x30 cmd/built-in.o
                0x00014044                getenv_ulong
 .text.getenv_hex
                0x00014074       0x34 cmd/built-in.o
                0x00014074                getenv_hex
 .text.common_diskboot
                0x000140a8      0x24c cmd/built-in.o
                0x000140a8                common_diskboot
 .text.board_init_f_alloc_reserve
                0x000142f4       0x10 common/built-in.o
                0x000142f4                board_init_f_alloc_reserve
 .text.board_init_f_init_reserve
                0x00014304       0x20 common/built-in.o
                0x00014304                board_init_f_init_reserve
 .text.show_boot_progress
                0x00014324        0x4 common/built-in.o
                0x00014324                show_boot_progress
 .text.main_loop
                0x00014328       0x48 common/built-in.o
                0x00014328                main_loop
 .text.dummy    0x00014370        0x4 common/built-in.o
 .text.get_version
                0x00014374        0x8 common/built-in.o
                0x00014374                get_version
 .text.jumptable_init
                0x0001437c      0x1d0 common/built-in.o
                0x0001437c                jumptable_init
 .text.hash_command
                0x0001454c       0xb0 common/built-in.o
                0x0001454c                hash_command
 .text.b_reset  0x000145fc       0x1c common/built-in.o
 .text.static_get
                0x00014618       0x1c common/built-in.o
 .text.static_peek
                0x00014634        0xc common/built-in.o
 .text.file_peek
                0x00014640        0xc common/built-in.o
 .text.mapset   0x0001464c       0x24 common/built-in.o
 .text.syntax_err
                0x00014670        0xc common/built-in.o
 .text.do_showvar
                0x0001467c       0xf4 common/built-in.o
 .text.xmalloc  0x00014770       0x20 common/built-in.o
 .text.new_pipe
                0x00014790       0x28 common/built-in.o
 .text.free_pipe_list
                0x000147b8       0xfc common/built-in.o
 .text.xrealloc
                0x000148b4       0x20 common/built-in.o
 .text.done_command
                0x000148d4       0x8c common/built-in.o
 .text.done_pipe
                0x00014960       0x48 common/built-in.o
 .text.done_word
                0x000149a8      0x2f0 common/built-in.o
 .text.is_assignment
                0x00014c98       0x54 common/built-in.o
 .text.file_get
                0x00014cec      0x1e8 common/built-in.o
 .text.b_addchr
                0x00014ed4       0x80 common/built-in.o
 .text.b_addqchr
                0x00014f54       0x50 common/built-in.o
 .text.get_local_var
                0x00014fa4       0x98 common/built-in.o
                0x00014fa4                get_local_var
 .text.set_local_var
                0x0001503c      0x1d0 common/built-in.o
                0x0001503c                set_local_var
 .text.insert_var_value_sub
                0x0001520c      0x2b0 common/built-in.o
 .text.parse_string_outer
                0x000154bc       0xf8 common/built-in.o
                0x000154bc                parse_string_outer
 .text.run_list_real
                0x000155b4      0x7ec common/built-in.o
 .text.parse_stream_outer
                0x00015da0      0x6fc common/built-in.o
 .text.parse_file_outer
                0x0001649c       0x44 common/built-in.o
                0x0001649c                parse_file_outer
 .text.u_boot_hush_start
                0x000164e0       0x54 common/built-in.o
                0x000164e0                u_boot_hush_start
 .text.bootdelay_process
                0x00016534       0x50 common/built-in.o
                0x00016534                bootdelay_process
 .text.autoboot_command
                0x00016584       0xe0 common/built-in.o
                0x00016584                autoboot_command
 .text.print_cpuinfo
                0x00016664        0x8 common/built-in.o
 .text.display_text_info
                0x0001666c        0x8 common/built-in.o
 .text.setup_mon_len
                0x00016674       0x20 common/built-in.o
 .text.reserve_round_4k
                0x00016694       0x18 common/built-in.o
 .text.reserve_mmu
                0x000166ac       0x38 common/built-in.o
 .text.reserve_lcd
                0x000166e4        0xc common/built-in.o
 .text.reserve_trace
                0x000166f0        0x8 common/built-in.o
 .text.reserve_uboot
                0x000166f8       0x30 common/built-in.o
 .text.reserve_malloc
                0x00016728       0x18 common/built-in.o
 .text.setup_machine
                0x00016740       0x18 common/built-in.o
 .text.reserve_global_data
                0x00016758       0x1c common/built-in.o
 .text.reserve_fdt
                0x00016774       0x60 common/built-in.o
 .text.display_new_sp
                0x000167d4        0x8 common/built-in.o
 .text.initf_console_record
                0x000167dc        0x8 common/built-in.o
 .text.reserve_arch
                0x000167e4        0x8 common/built-in.o
                0x000167e4                reserve_arch
 .text.arch_cpu_init_dm
                0x000167ec        0x8 common/built-in.o
                0x000167ec                arch_cpu_init_dm
 .text.announce_dram_init
                0x000167f4       0x18 common/built-in.o
 .text.init_baud_rate
                0x0001680c       0x2c common/built-in.o
 .text.mark_bootstage
                0x00016838       0x14 common/built-in.o
 .text.initf_dm
                0x0001684c        0x8 common/built-in.o
 .text.setup_reloc
                0x00016854       0x34 common/built-in.o
 .text.reloc_fdt
                0x00016888       0x3c common/built-in.o
 .text.reserve_board
                0x000168c4       0x38 common/built-in.o
 .text.coloured_LED_init
                0x000168fc        0x4 common/built-in.o
                0x000168fc                coloured_LED_init
 .text.red_led_on
                0x00016900        0x4 common/built-in.o
                0x00016900                red_led_on
 .text.board_add_ram_info
                0x00016904        0x4 common/built-in.o
                0x00016904                board_add_ram_info
 .text.show_dram_config
                0x00016908       0x38 common/built-in.o
 .text.dram_init_banksize
                0x00016940       0x20 common/built-in.o
                0x00016940                dram_init_banksize
 .text.setup_dram_config
                0x00016960       0x10 common/built-in.o
 .text.board_get_usable_ram_top
                0x00016970        0xc common/built-in.o
                0x00016970                board_get_usable_ram_top
 .text.board_reserve_ram_top
                0x0001697c        0x4 common/built-in.o
                0x0001697c                board_reserve_ram_top
 .text.setup_dest_addr
                0x00016980       0x50 common/built-in.o
 .text.reserve_stacks
                0x000169d0       0x1c common/built-in.o
 .text.board_init_f
                0x000169ec       0x28 common/built-in.o
                0x000169ec                board_init_f
 .text.bootstage_relocate
                0x00016a14        0x8 common/built-in.o
 .text.initr_trace
                0x00016a1c        0x8 common/built-in.o
 .text.initr_reloc
                0x00016a24       0x18 common/built-in.o
 .text.initr_barrier
                0x00016a3c        0x8 common/built-in.o
 .text.initr_console_record
                0x00016a44        0x8 common/built-in.o
 .text.power_init_board
                0x00016a4c        0x8 common/built-in.o
                0x00016a4c                power_init_board
 .text.initr_announce
                0x00016a54        0x8 common/built-in.o
 .text.run_main_loop
                0x00016a5c        0xc common/built-in.o
 .text.initr_net
                0x00016a68       0x1c common/built-in.o
 .text.initr_ethaddr
                0x00016a84       0x20 common/built-in.o
 .text.initr_enable_interrupts
                0x00016aa4       0x10 common/built-in.o
 .text.initr_jumptable
                0x00016ab4       0x10 common/built-in.o
 .text.initr_env
                0x00016ac4       0x30 common/built-in.o
 .text.initr_mmc
                0x00016af4       0x20 common/built-in.o
 .text.initr_serial
                0x00016b14       0x10 common/built-in.o
 .text.initr_bootstage
                0x00016b24       0x14 common/built-in.o
 .text.initr_dm
                0x00016b38       0x14 common/built-in.o
 .text.initr_malloc
                0x00016b4c       0x24 common/built-in.o
 .text.initr_reloc_global_data
                0x00016b70       0x38 common/built-in.o
 .text.initr_caches
                0x00016ba8       0x10 common/built-in.o
 .text.cpu_secondary_init_r
                0x00016bb8        0x4 common/built-in.o
                0x00016bb8                cpu_secondary_init_r
 .text.initr_secondary_cpu
                0x00016bbc       0x10 common/built-in.o
 .text.board_init_r
                0x00016bcc       0x14 common/built-in.o
                0x00016bcc                board_init_r
 .text.bootm_find_images
                0x00016be0       0xa8 common/built-in.o
                0x00016be0                bootm_find_images
 .text.bootm_decomp_image
                0x00016c88      0x154 common/built-in.o
                0x00016c88                bootm_decomp_image
 .text.bootm_disable_interrupts
                0x00016ddc       0x18 common/built-in.o
                0x00016ddc                bootm_disable_interrupts
 .text.do_bootm_states
                0x00016df4      0x7d4 common/built-in.o
                0x00016df4                do_bootm_states
 .text.copy_args
                0x000175c8       0x4c common/built-in.o
 .text.do_bootm_rtems
                0x00017614       0x40 common/built-in.o
 .text.do_bootm_plan9
                0x00017654       0xa4 common/built-in.o
 .text.do_bootm_standalone
                0x000176f8       0x64 common/built-in.o
 .text.do_bootm_qnxelf
                0x0001775c       0x5c common/built-in.o
 .text.do_bootm_netbsd
                0x000177b8       0xf8 common/built-in.o
 .text.do_bootvx_fdt
                0x000178b0      0x114 common/built-in.o
                0x000178b0                do_bootvx_fdt
 .text.do_bootm_vxworks
                0x000179c4       0x24 common/built-in.o
 .text.arch_preboot_os
                0x000179e8        0x4 common/built-in.o
                0x000179e8                arch_preboot_os
 .text.boot_selected_os
                0x000179ec       0x5c common/built-in.o
                0x000179ec                boot_selected_os
 .text.bootm_os_get_boot_func
                0x00017a48       0x10 common/built-in.o
                0x00017a48                bootm_os_get_boot_func
 .text.regex_callback
                0x00017a58      0x138 common/built-in.o
 .text.env_attr_walk
                0x00017b90      0x128 common/built-in.o
                0x00017b90                env_attr_walk
 .text.env_attr_lookup
                0x00017cb8       0x84 common/built-in.o
                0x00017cb8                env_attr_lookup
 .text.clear_callback
                0x00017d3c       0x10 common/built-in.o
 .text.on_callbacks
                0x00017d4c       0x50 common/built-in.o
 .text.set_callback
                0x00017d9c       0xdc common/built-in.o
 .text.env_callback_init
                0x00017e78      0x114 common/built-in.o
                0x00017e78                env_callback_init
 .text.skip_num
                0x00017f8c       0x80 common/built-in.o
 .text.clear_flags
                0x0001800c       0x10 common/built-in.o
 .text.on_flags
                0x0001801c       0x50 common/built-in.o
 .text.env_flags_parse_vartype
                0x0001806c       0x50 common/built-in.o
                0x0001806c                env_flags_parse_vartype
 .text.env_flags_parse_varaccess
                0x000180bc       0x58 common/built-in.o
                0x000180bc                env_flags_parse_varaccess
 .text.set_flags
                0x00018114       0xb0 common/built-in.o
 .text.eth_validate_ethaddr_str
                0x000181c4       0x90 common/built-in.o
                0x000181c4                eth_validate_ethaddr_str
 .text.env_flags_init
                0x00018254       0xd4 common/built-in.o
                0x00018254                env_flags_init
 .text.env_flags_validate
                0x00018328      0x294 common/built-in.o
                0x00018328                env_flags_validate
 .text.env_init
                0x000185bc       0x1c common/built-in.o
                0x000185bc                env_init
 .text.saveenv  0x000185d8      0x118 common/built-in.o
                0x000185d8                saveenv
 .text.env_relocate_spec
                0x000186f0       0xf4 common/built-in.o
                0x000186f0                env_relocate_spec
 .text.of_bus_default_count_cells
                0x000187e4       0x70 common/built-in.o
                0x000187e4                of_bus_default_count_cells
 .text.fdt_find_and_setprop
                0x00018854       0x70 common/built-in.o
                0x00018854                fdt_find_and_setprop
 .text.fdt_find_or_add_subnode
                0x000188c4       0x68 common/built-in.o
                0x000188c4                fdt_find_or_add_subnode
 .text.fdt_root
                0x0001892c       0x8c common/built-in.o
                0x0001892c                fdt_root
 .text.fdt_initrd
                0x000189b8      0x2ac common/built-in.o
                0x000189b8                fdt_initrd
 .text.fdt_chosen
                0x00018c64       0xa4 common/built-in.o
                0x00018c64                fdt_chosen
 .text.do_fixup_by_path
                0x00018d08       0x54 common/built-in.o
                0x00018d08                do_fixup_by_path
 .text.fdt_fixup_memory_banks
                0x00018d5c      0x280 common/built-in.o
                0x00018d5c                fdt_fixup_memory_banks
 .text.fdt_fixup_memory
                0x00018fdc       0x20 common/built-in.o
                0x00018fdc                fdt_fixup_memory
 .text.fdt_fixup_ethernet
                0x00018ffc      0x190 common/built-in.o
                0x00018ffc                fdt_fixup_ethernet
 .text.fdt_shrink_to_minimum
                0x0001918c      0x114 common/built-in.o
                0x0001918c                fdt_shrink_to_minimum
 .text.fdt_setup_simplefb_node
                0x000192a0      0x274 common/built-in.o
                0x000192a0                fdt_setup_simplefb_node
 .text.miiphy_get_dev_by_name
                0x00019514       0x5c common/built-in.o
                0x00019514                miiphy_get_dev_by_name
 .text.miiphy_init
                0x00019570       0x24 common/built-in.o
                0x00019570                miiphy_init
 .text.miiphy_set_current_dev
                0x00019594       0x40 common/built-in.o
                0x00019594                miiphy_set_current_dev
 .text.miiphy_get_active_dev
                0x000195d4       0x54 common/built-in.o
 .text.miiphy_get_current_dev
                0x00019628       0x18 common/built-in.o
                0x00019628                miiphy_get_current_dev
 .text.miiphy_read
                0x00019640       0x4c common/built-in.o
                0x00019640                miiphy_read
 .text.miiphy_write
                0x0001968c       0x40 common/built-in.o
                0x0001968c                miiphy_write
 .text.miiphy_listdev
                0x000196cc       0x74 common/built-in.o
                0x000196cc                miiphy_listdev
 .text.miiphy_info
                0x00019740       0x8c common/built-in.o
                0x00019740                miiphy_info
 .text.miiphy_speed
                0x000197cc       0x90 common/built-in.o
                0x000197cc                miiphy_speed
 .text.miiphy_duplex
                0x0001985c       0x90 common/built-in.o
                0x0001985c                miiphy_duplex
 .text.miiphy_is_1000base_x
                0x000198ec        0x8 common/built-in.o
                0x000198ec                miiphy_is_1000base_x
 .text.usb_set_maxpacket_ep
                0x000198f4       0x68 common/built-in.o
 .text.usb_stop
                0x0001995c       0x5c common/built-in.o
                0x0001995c                usb_stop
 .text.usb_disable_asynch
                0x000199b8       0x20 common/built-in.o
                0x000199b8                usb_disable_asynch
 .text.usb_submit_int_msg
                0x000199d8        0x4 common/built-in.o
                0x000199d8                usb_submit_int_msg
 .text.usb_control_msg
                0x000199dc       0xcc common/built-in.o
                0x000199dc                usb_control_msg
 .text.usb_get_descriptor
                0x00019aa8       0x5c common/built-in.o
 .text.get_descriptor_len
                0x00019b04       0x90 common/built-in.o
 .text.usb_get_string
                0x00019b94       0x6c common/built-in.o
 .text.usb_string_sub
                0x00019c00      0x110 common/built-in.o
 .text.usb_bulk_msg
                0x00019d10       0x7c common/built-in.o
                0x00019d10                usb_bulk_msg
 .text.usb_maxpacket
                0x00019d8c       0x1c common/built-in.o
                0x00019d8c                usb_maxpacket
 .text.usb_clear_halt
                0x00019da8       0xa4 common/built-in.o
                0x00019da8                usb_clear_halt
 .text.usb_get_configuration_len
                0x00019e4c       0x78 common/built-in.o
                0x00019e4c                usb_get_configuration_len
 .text.usb_get_configuration_no
                0x00019ec4       0x2c common/built-in.o
                0x00019ec4                usb_get_configuration_no
 .text.usb_set_interface
                0x00019ef0       0xc4 common/built-in.o
                0x00019ef0                usb_set_interface
 .text.usb_set_protocol
                0x00019fb4       0x54 common/built-in.o
                0x00019fb4                usb_set_protocol
 .text.usb_set_idle
                0x0001a008       0x58 common/built-in.o
                0x0001a008                usb_set_idle
 .text.usb_string
                0x0001a060      0x10c common/built-in.o
                0x0001a060                usb_string
 .text.usb_get_dev_index
                0x0001a16c       0x24 common/built-in.o
                0x0001a16c                usb_get_dev_index
 .text.usb_alloc_new_device
                0x0001a190       0x94 common/built-in.o
                0x0001a190                usb_alloc_new_device
 .text.usb_free_device
                0x0001a224       0x48 common/built-in.o
                0x0001a224                usb_free_device
 .text.usb_alloc_device
                0x0001a26c        0x8 common/built-in.o
                0x0001a26c                usb_alloc_device
 .text.usb_select_config
                0x0001a274      0x478 common/built-in.o
                0x0001a274                usb_select_config
 .text.usb_setup_device
                0x0001a6ec      0x180 common/built-in.o
                0x0001a6ec                usb_setup_device
 .text.usb_new_device
                0x0001a86c       0x30 common/built-in.o
                0x0001a86c                usb_new_device
 .text.usb_init
                0x0001a89c      0x150 common/built-in.o
                0x0001a89c                usb_init
 .text.board_usb_init
                0x0001a9ec        0x8 common/built-in.o
                0x0001a9ec                board_usb_init
 .text.usb_device_has_child_on_port
                0x0001a9f4       0x14 common/built-in.o
                0x0001a9f4                usb_device_has_child_on_port
 .text.usb_find_usb2_hub_address_port
                0x0001aa08       0x5c common/built-in.o
                0x0001aa08                usb_find_usb2_hub_address_port
 .text.usb_get_hub_descriptor
                0x0001aa64       0x50 common/built-in.o
 .text.usb_set_port_feature
                0x0001aab4       0x54 common/built-in.o
 .text.usb_clear_port_feature
                0x0001ab08       0x54 common/built-in.o
 .text.usb_hub_reset_devices
                0x0001ab5c        0x4 common/built-in.o
                0x0001ab5c                usb_hub_reset_devices
 .text.usb_get_port_status
                0x0001ab60       0x50 common/built-in.o
                0x0001ab60                usb_get_port_status
 .text.usb_hub_reset
                0x0001abb0       0x20 common/built-in.o
                0x0001abb0                usb_hub_reset
 .text.legacy_hub_port_reset
                0x0001abd0       0x9c common/built-in.o
                0x0001abd0                legacy_hub_port_reset
 .text.usb_hub_port_connect_change
                0x0001ac6c      0x160 common/built-in.o
                0x0001ac6c                usb_hub_port_connect_change
 .text.usb_hub_configure
                0x0001adcc      0x4ac common/built-in.o
 .text.usb_hub_probe
                0x0001b278       0x58 common/built-in.o
                0x0001b278                usb_hub_probe
 .text.usb_stor_irq
                0x0001b2d0       0x1c common/built-in.o
 .text.usb_stor_BBB_clear_endpt_stall
                0x0001b2ec       0x44 common/built-in.o
 .text.usb_stor_BBB_reset
                0x0001b330       0xd0 common/built-in.o
 .text.usb_stor_CB_reset
                0x0001b400       0xd0 common/built-in.o
 .text.usb_stor_BBB_transport
                0x0001b4d0      0x260 common/built-in.o
 .text.usb_stor_CB_comdat
                0x0001b730      0x1f0 common/built-in.o
 .text.usb_stor_CBI_get_status.isra.0
                0x0001b920       0xcc common/built-in.o
 .text.usb_stor_CB_transport
                0x0001b9ec      0x224 common/built-in.o
 .text.usb_request_sense.constprop.7
                0x0001bc10       0x70 common/built-in.o
 .text.usb_stor_read
                0x0001bc80      0x180 common/built-in.o
 .text.usb_stor_write
                0x0001be00      0x180 common/built-in.o
 .text.usb_stor_get_dev
                0x0001bf80       0x28 common/built-in.o
                0x0001bf80                usb_stor_get_dev
 .text.usb_stor_info
                0x0001bfa8       0x78 common/built-in.o
                0x0001bfa8                usb_stor_info
 .text.usb_storage_probe
                0x0001c020      0x210 common/built-in.o
                0x0001c020                usb_storage_probe
 .text.usb_stor_get_info
                0x0001c230      0x350 common/built-in.o
                0x0001c230                usb_stor_get_info
 .text.usb_stor_scan
                0x0001c580      0x20c common/built-in.o
                0x0001c580                usb_stor_scan
 .text.iomux_doenv
                0x0001c78c      0x1d0 common/built-in.o
                0x0001c78c                iomux_doenv
 .text.lcd_stub_puts
                0x0001c95c        0x8 common/built-in.o
 .text.lcd_stub_putc
                0x0001c964        0x8 common/built-in.o
 .text.lcd_set_flush_dcache
                0x0001c96c       0x18 common/built-in.o
                0x0001c96c                lcd_set_flush_dcache
 .text.lcd_sync
                0x0001c984       0x3c common/built-in.o
                0x0001c984                lcd_sync
 .text.lcd_clear
                0x0001c9c0       0xac common/built-in.o
                0x0001c9c0                lcd_clear
 .text.do_lcd_clear
                0x0001ca6c       0x10 common/built-in.o
 .text.drv_lcd_init
                0x0001ca7c       0xc4 common/built-in.o
                0x0001ca7c                drv_lcd_init
 .text.lcd_getfgcolor
                0x0001cb40       0x10 common/built-in.o
                0x0001cb40                lcd_getfgcolor
 .text.lcd_getbgcolor
                0x0001cb50       0x10 common/built-in.o
                0x0001cb50                lcd_getbgcolor
 .text.lcd_get_pixel_width
                0x0001cb60       0x10 common/built-in.o
                0x0001cb60                lcd_get_pixel_width
 .text.lcd_get_pixel_height
                0x0001cb70       0x10 common/built-in.o
                0x0001cb70                lcd_get_pixel_height
 .text.console_setrow0
                0x0001cb80       0x28 common/built-in.o
 .text.console_moverow0
                0x0001cba8       0x34 common/built-in.o
 .text.lcd_putc_xy0
                0x0001cbdc       0x94 common/built-in.o
 .text.lcd_set_col
                0x0001cc70       0x10 common/built-in.o
                0x0001cc70                lcd_set_col
 .text.lcd_set_row
                0x0001cc80       0x10 common/built-in.o
                0x0001cc80                lcd_set_row
 .text.lcd_position_cursor
                0x0001cc90       0x58 common/built-in.o
                0x0001cc90                lcd_position_cursor
 .text.do_lcd_setcursor
                0x0001cce8       0x50 common/built-in.o
 .text.lcd_init_console_rot
                0x0001cd38        0x4 common/built-in.o
                0x0001cd38                lcd_init_console_rot
 .text.lcd_init_console
                0x0001cd3c       0x7c common/built-in.o
                0x0001cd3c                lcd_init_console
 .text.lcd_putc
                0x0001cdb8      0x334 common/built-in.o
                0x0001cdb8                lcd_putc
 .text.lcd_puts
                0x0001d0ec       0x40 common/built-in.o
                0x0001d0ec                lcd_puts
 .text.do_lcd_puts
                0x0001d12c       0x24 common/built-in.o
 .text.lcd_dt_simplefb_configure_node
                0x0001d150       0x50 common/built-in.o
 .text.lcd_dt_simplefb_add_node
                0x0001d1a0       0x98 common/built-in.o
                0x0001d1a0                lcd_dt_simplefb_add_node
 .text.menu_display_statusline
                0x0001d238        0x4 common/built-in.o
                0x0001d238                menu_display_statusline
 .text.menu_default_set
                0x0001d23c       0x88 common/built-in.o
                0x0001d23c                menu_default_set
 .text.menu_get_choice
                0x0001d2c4      0x1ec common/built-in.o
                0x0001d2c4                menu_get_choice
 .text.menu_item_add
                0x0001d4b0       0xe4 common/built-in.o
                0x0001d4b0                menu_item_add
 .text.menu_create
                0x0001d594       0x90 common/built-in.o
                0x0001d594                menu_create
 .text.menu_destroy
                0x0001d624       0x70 common/built-in.o
                0x0001d624                menu_destroy
 .text.usb_kbd_translate.part.0
                0x0001d694      0x130 common/built-in.o
 .text.usb_kbd_irq_worker
                0x0001d7c4      0x1a8 common/built-in.o
 .text.usb_kbd_getc
                0x0001d96c       0x74 common/built-in.o
 .text.usb_kbd_irq
                0x0001d9e0       0x24 common/built-in.o
 .text.usb_kbd_testc
                0x0001da04       0x94 common/built-in.o
 .text.drv_usb_kbd_init
                0x0001da98      0x234 common/built-in.o
                0x0001da98                drv_usb_kbd_init
 .text.usb_kbd_deregister
                0x0001dccc       0x7c common/built-in.o
                0x0001dccc                usb_kbd_deregister
 .text.env_get_char_spec
                0x0001dd48        0xc common/built-in.o
                0x0001dd48                env_get_char_spec
 .text.env_get_addr
                0x0001dd54       0x20 common/built-in.o
                0x0001dd54                env_get_addr
 .text.env_get_char_memory
                0x0001dd74       0x10 common/built-in.o
                0x0001dd74                env_get_char_memory
 .text.env_get_char
                0x0001dd84       0x30 common/built-in.o
                0x0001dd84                env_get_char
 .text.getenv_yesno
                0x0001ddb4       0x50 common/built-in.o
                0x0001ddb4                getenv_yesno
 .text.getenv_default
                0x0001de04       0x30 common/built-in.o
                0x0001de04                getenv_default
 .text.set_default_env
                0x0001de34       0xc0 common/built-in.o
                0x0001de34                set_default_env
 .text.set_default_vars
                0x0001def4       0x40 common/built-in.o
                0x0001def4                set_default_vars
 .text.env_import
                0x0001df34       0xe0 common/built-in.o
                0x0001df34                env_import
 .text.env_export
                0x0001e014       0xa4 common/built-in.o
                0x0001e014                env_export
 .text.env_relocate
                0x0001e0b8       0x30 common/built-in.o
                0x0001e0b8                env_relocate
 .text.env_complete
                0x0001e0e8       0xd4 common/built-in.o
                0x0001e0e8                env_complete
 .text.console_tstc
                0x0001e1bc       0x90 common/built-in.o
 .text.console_putc
                0x0001e24c       0x54 common/built-in.o
 .text.console_puts
                0x0001e2a0       0x54 common/built-in.o
 .text.on_console
                0x0001e2f4       0xc8 common/built-in.o
 .text.serial_printf
                0x0001e3bc       0x4c common/built-in.o
                0x0001e3bc                serial_printf
 .text.puts     0x0001e408       0x28 common/built-in.o
                0x0001e408                puts
 .text.tstc     0x0001e430       0x24 common/built-in.o
                0x0001e430                tstc
 .text.putc     0x0001e454       0x28 common/built-in.o
                0x0001e454                putc
 .text.fgetc    0x0001e47c       0x54 common/built-in.o
                0x0001e47c                fgetc
 .text.getc     0x0001e4d0       0x24 common/built-in.o
                0x0001e4d0                getc
 .text.ctrlc    0x0001e4f4       0x58 common/built-in.o
                0x0001e4f4                ctrlc
 .text.had_ctrlc
                0x0001e54c       0x10 common/built-in.o
                0x0001e54c                had_ctrlc
 .text.clear_ctrlc
                0x0001e55c       0x14 common/built-in.o
                0x0001e55c                clear_ctrlc
 .text.search_device
                0x0001e570       0x30 common/built-in.o
                0x0001e570                search_device
 .text.console_assign
                0x0001e5a0       0xdc common/built-in.o
                0x0001e5a0                console_assign
 .text.console_init_f
                0x0001e67c       0x10 common/built-in.o
                0x0001e67c                console_init_f
 .text.stdio_print_current_devices
                0x0001e68c       0xb8 common/built-in.o
                0x0001e68c                stdio_print_current_devices
 .text.console_init_r
                0x0001e744      0x18c common/built-in.o
                0x0001e744                console_init_r
 .text.sbrk     0x0001e8d0       0x70 common/built-in.o
                0x0001e8d0                sbrk
 .text.mem_malloc_init
                0x0001e940       0x34 common/built-in.o
                0x0001e940                mem_malloc_init
 .text.malloc_trim
                0x0001e974       0xcc common/built-in.o
                0x0001e974                malloc_trim
 .text.free     0x0001ea40      0x250 common/built-in.o
                0x0001ea40                free
 .text.malloc   0x0001ec90      0x624 common/built-in.o
                0x0001ec90                malloc
 .text.calloc   0x0001f2b4      0x13c common/built-in.o
                0x0001f2b4                calloc
 .text.memalign
                0x0001f3f0      0x148 common/built-in.o
                0x0001f3f0                memalign
 .text.realloc  0x0001f538      0x42c common/built-in.o
                0x0001f538                realloc
 .text.initf_malloc
                0x0001f964       0x18 common/built-in.o
                0x0001f964                initf_malloc
 .text.malloc_simple
                0x0001f97c       0x30 common/built-in.o
                0x0001f97c                malloc_simple
 .text.on_loadaddr
                0x0001f9ac       0x38 common/built-in.o
 .text.image_check_hcrc
                0x0001f9e4       0x60 common/built-in.o
                0x0001f9e4                image_check_hcrc
 .text.image_check_dcrc
                0x0001fa44       0x60 common/built-in.o
                0x0001fa44                image_check_dcrc
 .text.image_multi_count
                0x0001faa4       0x20 common/built-in.o
                0x0001faa4                image_multi_count
 .text.image_multi_getimg
                0x0001fac4       0xa8 common/built-in.o
                0x0001fac4                image_multi_getimg
 .text.getenv_bootm_low
                0x0001fb6c       0x28 common/built-in.o
                0x0001fb6c                getenv_bootm_low
 .text.getenv_bootm_size
                0x0001fb94       0x6c common/built-in.o
                0x0001fb94                getenv_bootm_size
 .text.getenv_bootm_mapsize
                0x0001fc00       0x30 common/built-in.o
                0x0001fc00                getenv_bootm_mapsize
 .text.memmove_wd
                0x0001fc30        0xc common/built-in.o
                0x0001fc30                memmove_wd
 .text.genimg_print_size
                0x0001fc3c       0x30 common/built-in.o
                0x0001fc3c                genimg_print_size
 .text.get_table_entry
                0x0001fc6c       0x24 common/built-in.o
                0x0001fc6c                get_table_entry
 .text.get_table_entry_name
                0x0001fc90       0x20 common/built-in.o
                0x0001fc90                get_table_entry_name
 .text.genimg_get_os_name
                0x0001fcb0       0x18 common/built-in.o
                0x0001fcb0                genimg_get_os_name
 .text.genimg_get_arch_name
                0x0001fcc8       0x18 common/built-in.o
                0x0001fcc8                genimg_get_arch_name
 .text.genimg_get_type_name
                0x0001fce0       0x18 common/built-in.o
                0x0001fce0                genimg_get_type_name
 .text.genimg_get_comp_name
                0x0001fcf8       0x18 common/built-in.o
                0x0001fcf8                genimg_get_comp_name
 .text.image_print_contents
                0x0001fd10      0x1ac common/built-in.o
                0x0001fd10                image_print_contents
 .text.genimg_get_kernel_addr_fit
                0x0001febc       0x24 common/built-in.o
                0x0001febc                genimg_get_kernel_addr_fit
 .text.genimg_get_kernel_addr
                0x0001fee0       0x20 common/built-in.o
                0x0001fee0                genimg_get_kernel_addr
 .text.genimg_get_format
                0x0001ff00       0x4c common/built-in.o
                0x0001ff00                genimg_get_format
 .text.genimg_get_image
                0x0001ff4c        0x4 common/built-in.o
                0x0001ff4c                genimg_get_image
 .text.genimg_has_config
                0x0001ff50        0x8 common/built-in.o
                0x0001ff50                genimg_has_config
 .text.boot_get_ramdisk
                0x0001ff58      0x298 common/built-in.o
                0x0001ff58                boot_get_ramdisk
 .text.boot_ramdisk_high
                0x000201f0      0x134 common/built-in.o
                0x000201f0                boot_ramdisk_high
 .text.boot_get_setup
                0x00020324        0x8 common/built-in.o
                0x00020324                boot_get_setup
 .text.image_setup_linux
                0x0002032c       0x88 common/built-in.o
                0x0002032c                image_setup_linux
 .text.fdt_error
                0x000203b4       0x2c common/built-in.o
 .text.boot_fdt_add_mem_rsv_regions
                0x000203e0       0x90 common/built-in.o
                0x000203e0                boot_fdt_add_mem_rsv_regions
 .text.boot_relocate_fdt
                0x00020470      0x1a8 common/built-in.o
                0x00020470                boot_relocate_fdt
 .text.boot_get_fdt
                0x00020618      0x30c common/built-in.o
                0x00020618                boot_get_fdt
 .text.ft_verify_fdt
                0x00020924        0x8 common/built-in.o
                0x00020924                ft_verify_fdt
 .text.image_setup_libfdt
                0x0002092c      0x168 common/built-in.o
                0x0002092c                image_setup_libfdt
 .text.get_effective_memsize
                0x00020a94        0x8 common/built-in.o
                0x00020a94                get_effective_memsize
 .text.nulldev_putc
                0x00020a9c        0x4 common/built-in.o
 .text.nulldev_puts
                0x00020aa0        0x4 common/built-in.o
 .text.nulldev_input
                0x00020aa4        0x8 common/built-in.o
 .text.stdio_serial_tstc
                0x00020aac        0x4 common/built-in.o
 .text.stdio_serial_getc
                0x00020ab0        0x4 common/built-in.o
 .text.stdio_serial_puts
                0x00020ab4        0x8 common/built-in.o
 .text.stdio_serial_putc
                0x00020abc        0x8 common/built-in.o
 .text.stdio_get_list
                0x00020ac4        0xc common/built-in.o
                0x00020ac4                stdio_get_list
 .text.stdio_get_by_name
                0x00020ad0       0x50 common/built-in.o
                0x00020ad0                stdio_get_by_name
 .text.stdio_clone
                0x00020b20       0x3c common/built-in.o
                0x00020b20                stdio_clone
 .text.stdio_register_dev
                0x00020b5c       0x50 common/built-in.o
                0x00020b5c                stdio_register_dev
 .text.stdio_register
                0x00020bac        0x8 common/built-in.o
                0x00020bac                stdio_register
 .text.stdio_deregister_dev
                0x00020bb4       0xf8 common/built-in.o
                0x00020bb4                stdio_deregister_dev
 .text.stdio_init_tables
                0x00020cac       0x1c common/built-in.o
                0x00020cac                stdio_init_tables
 .text.stdio_add_devices
                0x00020cc8       0xd4 common/built-in.o
                0x00020cc8                stdio_add_devices
 .text.cli_simple_process_macros
                0x00020d9c      0x218 common/built-in.o
                0x00020d9c                cli_simple_process_macros
 .text.run_command
                0x00020fb4       0x10 common/built-in.o
                0x00020fb4                run_command
 .text.run_command_list
                0x00020fc4       0x84 common/built-in.o
                0x00020fc4                run_command_list
 .text.do_run   0x00021048       0x78 common/built-in.o
                0x00021048                do_run
 .text.cli_loop
                0x000210c0        0xc common/built-in.o
                0x000210c0                cli_loop
 .text.cli_init
                0x000210cc        0x4 common/built-in.o
                0x000210cc                cli_init
 .text.delete_char.part.0
                0x000210d0       0xd4 common/built-in.o
 .text.cread_add_char
                0x000211a4       0xec common/built-in.o
 .text.cli_readline_into_buffer
                0x00021290      0x9d0 common/built-in.o
                0x00021290                cli_readline_into_buffer
 .text.cli_readline
                0x00021c60       0x14 common/built-in.o
                0x00021c60                cli_readline
 .text.find_cmd_tbl
                0x00021c74       0xa4 common/built-in.o
                0x00021c74                find_cmd_tbl
 .text.find_cmd
                0x00021d18       0x28 common/built-in.o
                0x00021d18                find_cmd
 .text.cmd_usage
                0x00021d40       0x5c common/built-in.o
                0x00021d40                cmd_usage
 .text._do_help
                0x00021d9c      0x184 common/built-in.o
                0x00021d9c                _do_help
 .text.var_complete
                0x00021f20       0x88 common/built-in.o
                0x00021f20                var_complete
 .text.cmd_auto_complete
                0x00021fa8      0x4c8 common/built-in.o
                0x00021fa8                cmd_auto_complete
 .text.cmd_get_data_size
                0x00022470       0x50 common/built-in.o
                0x00022470                cmd_get_data_size
 .text.cmd_process
                0x000224c0       0xec common/built-in.o
                0x000224c0                cmd_process
 .text.cmd_process_error
                0x000225ac       0x30 common/built-in.o
                0x000225ac                cmd_process_error
 .text.hex1_bin
                0x000225dc       0x40 common/built-in.o
 .text.hex2_bin
                0x0002261c       0x38 common/built-in.o
 .text.srec_decode
                0x00022654      0x264 common/built-in.o
                0x00022654                srec_decode
 .text.CYGACC_COMM_IF_GETC_TIMEOUT.isra.1
                0x000228b8       0x4c common/built-in.o
 .text.xyzModem_flush
                0x00022904       0x18 common/built-in.o
 .text.xyzModem_get_hdr
                0x0002291c      0x258 common/built-in.o
 .text.xyzModem_stream_open
                0x00022b74      0x254 common/built-in.o
                0x00022b74                xyzModem_stream_open
 .text.xyzModem_stream_read
                0x00022dc8      0x254 common/built-in.o
                0x00022dc8                xyzModem_stream_read
 .text.xyzModem_stream_close
                0x0002301c       0x50 common/built-in.o
                0x0002301c                xyzModem_stream_close
 .text.xyzModem_stream_terminate
                0x0002306c       0x94 common/built-in.o
                0x0002306c                xyzModem_stream_terminate
 .text.xyzModem_error
                0x00023100       0x20 common/built-in.o
                0x00023100                xyzModem_error
 .text.get_dev_hwpart
                0x00023120       0xac disk/built-in.o
 .text.blk_get_dev
                0x000231cc        0x8 disk/built-in.o
                0x000231cc                blk_get_dev
 .text.dev_print
                0x000231d4      0x224 disk/built-in.o
                0x000231d4                dev_print
 .text.part_init
                0x000233f8       0x60 disk/built-in.o
                0x000233f8                part_init
 .text.part_print
                0x00023458      0x140 disk/built-in.o
                0x00023458                part_print
 .text.part_get_info
                0x00023598       0x84 disk/built-in.o
                0x00023598                part_get_info
 .text.blk_get_device_by_str
                0x0002361c      0x128 disk/built-in.o
                0x0002361c                blk_get_device_by_str
 .text.blk_get_device_part_str
                0x00023744      0x3fc disk/built-in.o
                0x00023744                blk_get_device_part_str
 .text.test_block_type
                0x00023b40       0x7c disk/built-in.o
 .text.part_test_dos
                0x00023bbc       0x60 disk/built-in.o
 .text.print_partition_extended
                0x00023c1c      0x264 disk/built-in.o
 .text.part_print_dos
                0x00023e80       0x30 disk/built-in.o
                0x00023e80                part_print_dos
 .text.part_get_info_extended
                0x00023eb0      0x33c disk/built-in.o
 .text.part_get_info_dos
                0x000241ec       0x24 disk/built-in.o
                0x000241ec                part_get_info_dos
 .text.iso_dread
                0x00024210       0x34 disk/built-in.o
                0x00024210                iso_dread
 .text.part_get_info_iso_verb
                0x00024244      0x428 disk/built-in.o
                0x00024244                part_get_info_iso_verb
 .text.part_test_iso
                0x0002466c       0x20 disk/built-in.o
 .text.part_print_iso
                0x0002468c       0x98 disk/built-in.o
 .text.part_get_info_iso
                0x00024724        0x8 disk/built-in.o
 .text.print_efiname
                0x0002472c       0x58 disk/built-in.o
 .text.part_test_efi
                0x00024784       0xe4 disk/built-in.o
 .text.validate_gpt_entries
                0x00024868       0x98 disk/built-in.o
 .text.validate_gpt_header
                0x00024900      0x228 disk/built-in.o
 .text.is_gpt_valid
                0x00024b28      0x1c4 disk/built-in.o
 .text.is_pte_valid
                0x00024cec       0x58 disk/built-in.o
 .text.part_get_info_efi
                0x00024d44      0x1fc disk/built-in.o
                0x00024d44                part_get_info_efi
 .text.part_print_efi
                0x00024f40      0x27c disk/built-in.o
                0x00024f40                part_print_efi
 .text.alloc_priv
                0x000251bc       0x4c drivers/built-in.o
 .text.device_bind
                0x00025208      0x330 drivers/built-in.o
                0x00025208                device_bind
 .text.device_bind_by_name
                0x00025538       0x60 drivers/built-in.o
                0x00025538                device_bind_by_name
 .text.device_probe
                0x00025598      0x23c drivers/built-in.o
                0x00025598                device_probe
 .text.dev_get_platdata
                0x000257d4       0x30 drivers/built-in.o
                0x000257d4                dev_get_platdata
 .text.dev_get_priv
                0x00025804       0x30 drivers/built-in.o
                0x00025804                dev_get_priv
 .text.dev_get_uclass_priv
                0x00025834       0x30 drivers/built-in.o
                0x00025834                dev_get_uclass_priv
 .text.lists_driver_lookup_name
                0x00025864       0x54 drivers/built-in.o
                0x00025864                lists_driver_lookup_name
 .text.lists_uclass_lookup
                0x000258b8       0x48 drivers/built-in.o
                0x000258b8                lists_uclass_lookup
 .text.lists_bind_drivers
                0x00025900       0x90 drivers/built-in.o
                0x00025900                lists_bind_drivers
 .text.dm_root  0x00025990       0x2c drivers/built-in.o
                0x00025990                dm_root
 .text.dm_init  0x000259bc       0x58 drivers/built-in.o
                0x000259bc                dm_init
 .text.dm_scan_platdata
                0x00025a14       0x2c drivers/built-in.o
                0x00025a14                dm_scan_platdata
 .text.dm_scan_other
                0x00025a40        0x8 drivers/built-in.o
                0x00025a40                dm_scan_other
 .text.dm_init_and_scan
                0x00025a48       0x30 drivers/built-in.o
                0x00025a48                dm_init_and_scan
 .text.uclass_find
                0x00025a78       0x50 drivers/built-in.o
                0x00025a78                uclass_find
 .text.uclass_get
                0x00025ac8      0x128 drivers/built-in.o
                0x00025ac8                uclass_get
 .text.uclass_find_device
                0x00025bf0       0x70 drivers/built-in.o
                0x00025bf0                uclass_find_device
 .text.uclass_find_first_device
                0x00025c60       0x38 drivers/built-in.o
                0x00025c60                uclass_find_first_device
 .text.uclass_find_next_device
                0x00025c98       0x2c drivers/built-in.o
                0x00025c98                uclass_find_next_device
 .text.uclass_find_device_by_seq
                0x00025cc4       0x78 drivers/built-in.o
                0x00025cc4                uclass_find_device_by_seq
 .text.uclass_get_device_tail
                0x00025d3c       0x28 drivers/built-in.o
                0x00025d3c                uclass_get_device_tail
 .text.uclass_get_device
                0x00025d64       0x2c drivers/built-in.o
                0x00025d64                uclass_get_device
 .text.uclass_get_device_by_seq
                0x00025d90       0x54 drivers/built-in.o
                0x00025d90                uclass_get_device_by_seq
 .text.uclass_first_device
                0x00025de4       0x34 drivers/built-in.o
                0x00025de4                uclass_first_device
 .text.uclass_next_device
                0x00025e18       0x3c drivers/built-in.o
                0x00025e18                uclass_next_device
 .text.uclass_bind_device
                0x00025e54       0x7c drivers/built-in.o
                0x00025e54                uclass_bind_device
 .text.uclass_unbind_device
                0x00025ed0       0x4c drivers/built-in.o
                0x00025ed0                uclass_unbind_device
 .text.uclass_resolve_seq
                0x00025f1c       0xb0 drivers/built-in.o
                0x00025f1c                uclass_resolve_seq
 .text.uclass_pre_probe_device
                0x00025fcc       0x64 drivers/built-in.o
                0x00025fcc                uclass_pre_probe_device
 .text.uclass_post_probe_device
                0x00026030       0x28 drivers/built-in.o
                0x00026030                uclass_post_probe_device
 .text.uclass_pre_remove_device
                0x00026058       0x28 drivers/built-in.o
                0x00026058                uclass_pre_remove_device
 .text.dm_warn  0x00026080       0x24 drivers/built-in.o
                0x00026080                dm_warn
 .text.device_free
                0x000260a4       0x90 drivers/built-in.o
                0x000260a4                device_free
 .text.device_remove
                0x00026134      0x144 drivers/built-in.o
                0x00026134                device_remove
 .text.show_devices
                0x00026278       0xfc drivers/built-in.o
 .text.dm_dump_all
                0x00026374       0x3c drivers/built-in.o
                0x00026374                dm_dump_all
 .text.dm_dump_uclass
                0x000263b0       0xd8 drivers/built-in.o
                0x000263b0                dm_dump_uclass
 .text.lcd_ctrl_init
                0x00026488      0x224 drivers/built-in.o
                0x00026488                lcd_ctrl_init
 .text.lcd_enable
                0x000266ac        0x4 drivers/built-in.o
                0x000266ac                lcd_enable
 .text.lcd_get_size
                0x000266b0       0x24 drivers/built-in.o
                0x000266b0                lcd_get_size
 .text.gpio_renumber
                0x000266d4       0x7c drivers/gpio/built-in.o
 .text.gpio_pre_remove
                0x00026750       0x50 drivers/gpio/built-in.o
 .text.gpio_post_probe
                0x000267a0       0x38 drivers/gpio/built-in.o
 .text.gpio_to_device
                0x000267d8       0x80 drivers/gpio/built-in.o
 .text.check_reserved
                0x00026858       0x78 drivers/gpio/built-in.o
 .text.dm_gpio_lookup_name
                0x000268d0      0x11c drivers/gpio/built-in.o
                0x000268d0                dm_gpio_lookup_name
 .text.gpio_lookup_name
                0x000269ec       0x70 drivers/gpio/built-in.o
                0x000269ec                gpio_lookup_name
 .text.dm_gpio_request
                0x00026a5c       0x9c drivers/gpio/built-in.o
                0x00026a5c                dm_gpio_request
 .text.gpio_request
                0x00026af8       0x2c drivers/gpio/built-in.o
                0x00026af8                gpio_request
 .text._dm_gpio_free
                0x00026b24       0x74 drivers/gpio/built-in.o
                0x00026b24                _dm_gpio_free
 .text.gpio_free
                0x00026b98       0x28 drivers/gpio/built-in.o
                0x00026b98                gpio_free
 .text.gpio_direction_input
                0x00026bc0       0x4c drivers/gpio/built-in.o
                0x00026bc0                gpio_direction_input
 .text.gpio_direction_output
                0x00026c0c       0x54 drivers/gpio/built-in.o
                0x00026c0c                gpio_direction_output
 .text.dm_gpio_get_value
                0x00026c60       0x4c drivers/gpio/built-in.o
                0x00026c60                dm_gpio_get_value
 .text.dm_gpio_set_value
                0x00026cac       0x58 drivers/gpio/built-in.o
                0x00026cac                dm_gpio_set_value
 .text.gpio_get_value
                0x00026d04       0x24 drivers/gpio/built-in.o
                0x00026d04                gpio_get_value
 .text.gpio_set_value
                0x00026d28       0x2c drivers/gpio/built-in.o
                0x00026d28                gpio_set_value
 .text.gpio_get_bank_info
                0x00026d54       0x1c drivers/gpio/built-in.o
                0x00026d54                gpio_get_bank_info
 .text.get_function
                0x00026d70       0xb4 drivers/gpio/built-in.o
                0x00026d70                get_function
 .text.gpio_get_function
                0x00026e24        0xc drivers/gpio/built-in.o
                0x00026e24                gpio_get_function
 .text.gpio_get_raw_function
                0x00026e30        0xc drivers/gpio/built-in.o
                0x00026e30                gpio_get_raw_function
 .text.gpio_get_status
                0x00026e3c      0x114 drivers/gpio/built-in.o
                0x00026e3c                gpio_get_status
 .text.bcm2835_gpio_get_function
                0x00026f50       0x44 drivers/gpio/built-in.o
 .text.bcm2835_gpio_set_value
                0x00026f94       0x44 drivers/gpio/built-in.o
 .text.bcm2835_gpio_get_value
                0x00026fd8       0x34 drivers/gpio/built-in.o
 .text.bcm2835_gpio_direction_input
                0x0002700c       0x50 drivers/gpio/built-in.o
 .text.bcm2835_gpio_direction_output
                0x0002705c       0x68 drivers/gpio/built-in.o
 .text.bcm2835_gpio_probe
                0x000270c4       0x48 drivers/gpio/built-in.o
 .text.bcm2835_sdhci_readl
                0x0002710c        0xc drivers/mmc/built-in.o
 .text.bcm2835_sdhci_readw
                0x00027118       0x24 drivers/mmc/built-in.o
 .text.bcm2835_sdhci_readb
                0x0002713c       0x20 drivers/mmc/built-in.o
 .text.bcm2835_sdhci_writel
                0x0002715c       0x3c drivers/mmc/built-in.o
 .text.bcm2835_sdhci_writew
                0x00027198       0x80 drivers/mmc/built-in.o
 .text.bcm2835_sdhci_writeb
                0x00027218       0x54 drivers/mmc/built-in.o
 .text.bcm2835_sdhci_init
                0x0002726c       0x98 drivers/mmc/built-in.o
                0x0002726c                bcm2835_sdhci_init
 .text.mmc_set_ios
                0x00027304       0x20 drivers/mmc/built-in.o
 .text.mmc_set_capacity
                0x00027324       0xb8 drivers/mmc/built-in.o
 .text.board_mmc_getwp
                0x000273dc        0x8 drivers/mmc/built-in.o
                0x000273dc                board_mmc_getwp
 .text.mmc_getwp
                0x000273e4       0x3c drivers/mmc/built-in.o
                0x000273e4                mmc_getwp
 .text.board_mmc_getcd
                0x00027420        0x8 drivers/mmc/built-in.o
                0x00027420                board_mmc_getcd
 .text.mmc_send_cmd
                0x00027428       0x18 drivers/mmc/built-in.o
                0x00027428                mmc_send_cmd
 .text.mmc_send_op_cond_iter
                0x00027440       0x78 drivers/mmc/built-in.o
 .text.mmc_send_ext_csd
                0x000274b8       0x4c drivers/mmc/built-in.o
 .text.mmc_go_idle
                0x00027504       0x4c drivers/mmc/built-in.o
 .text.mmc_send_status
                0x00027550       0xdc drivers/mmc/built-in.o
                0x00027550                mmc_send_status
 .text.mmc_switch.isra.1
                0x0002762c       0x54 drivers/mmc/built-in.o
 .text.mmc_set_blocklen
                0x00027680       0x40 drivers/mmc/built-in.o
                0x00027680                mmc_set_blocklen
 .text.find_mmc_device
                0x000276c0       0x4c drivers/mmc/built-in.o
                0x000276c0                find_mmc_device
 .text.mmc_switch_part
                0x0002770c       0x5c drivers/mmc/built-in.o
                0x0002770c                mmc_switch_part
 .text.mmc_select_hwpart
                0x00027768       0x64 drivers/mmc/built-in.o
                0x00027768                mmc_select_hwpart
 .text.mmc_bread
                0x000277cc      0x16c drivers/mmc/built-in.o
 .text.mmc_hwpart_config
                0x00027938      0x45c drivers/mmc/built-in.o
                0x00027938                mmc_hwpart_config
 .text.mmc_getcd
                0x00027d94       0x3c drivers/mmc/built-in.o
                0x00027d94                mmc_getcd
 .text.mmc_set_clock
                0x00027dd0       0x24 drivers/mmc/built-in.o
                0x00027dd0                mmc_set_clock
 .text.mmc_startup
                0x00027df4      0xe14 drivers/mmc/built-in.o
 .text.mmc_create
                0x00028c08       0xf8 drivers/mmc/built-in.o
                0x00028c08                mmc_create
 .text.board_mmc_power_init
                0x00028d00        0x4 drivers/mmc/built-in.o
                0x00028d00                board_mmc_power_init
 .text.mmc_start_init
                0x00028d04      0x27c drivers/mmc/built-in.o
                0x00028d04                mmc_start_init
 .text.mmc_init
                0x00028f80       0xf8 drivers/mmc/built-in.o
                0x00028f80                mmc_init
 .text.mmc_get_dev
                0x00029078       0x2c drivers/mmc/built-in.o
                0x00029078                mmc_get_dev
 .text.mmc_set_dsr
                0x000290a4        0xc drivers/mmc/built-in.o
                0x000290a4                mmc_set_dsr
 .text.cpu_mmc_init
                0x000290b0        0x8 drivers/mmc/built-in.o
                0x000290b0                cpu_mmc_init
 .text.print_mmc_devices
                0x000290b8       0xc0 drivers/mmc/built-in.o
                0x000290b8                print_mmc_devices
 .text.get_mmc_num
                0x00029178       0x10 drivers/mmc/built-in.o
                0x00029178                get_mmc_num
 .text.mmc_initialize
                0x00029188       0x90 drivers/mmc/built-in.o
                0x00029188                mmc_initialize
 .text.sdhci_init
                0x00029218      0x28c drivers/mmc/built-in.o
 .text.sdhci_set_ios
                0x000294a4      0x334 drivers/mmc/built-in.o
 .text.sdhci_reset
                0x000297d8       0x9c drivers/mmc/built-in.o
 .text.sdhci_send_command
                0x00029874      0x6e4 drivers/mmc/built-in.o
 .text.add_sdhci
                0x00029f58      0x1a4 drivers/mmc/built-in.o
                0x00029f58                add_sdhci
 .text.mmc_berase
                0x0002a0fc      0x1b4 drivers/mmc/built-in.o
                0x0002a0fc                mmc_berase
 .text.mmc_bwrite
                0x0002a2b0      0x188 drivers/mmc/built-in.o
                0x0002a2b0                mmc_bwrite
 .text._serial_putc
                0x0002a438       0x40 drivers/serial/built-in.o
 .text._serial_getc
                0x0002a478       0x2c drivers/serial/built-in.o
 .text._serial_tstc
                0x0002a4a4       0x2c drivers/serial/built-in.o
 .text.serial_stub_putc
                0x0002a4d0        0x8 drivers/serial/built-in.o
 .text.serial_stub_getc
                0x0002a4d8        0x8 drivers/serial/built-in.o
                0x0002a4d8                serial_stub_getc
 .text.serial_stub_tstc
                0x0002a4e0        0x8 drivers/serial/built-in.o
                0x0002a4e0                serial_stub_tstc
 .text.serial_pre_remove
                0x0002a4e8       0x24 drivers/serial/built-in.o
 .text.serial_post_probe
                0x0002a50c       0xc4 drivers/serial/built-in.o
 .text.serial_stub_puts
                0x0002a5d0       0x28 drivers/serial/built-in.o
                0x0002a5d0                serial_stub_puts
 .text.serial_init
                0x0002a5f8       0x80 drivers/serial/built-in.o
                0x0002a5f8                serial_init
 .text.serial_initialize
                0x0002a678        0x4 drivers/serial/built-in.o
                0x0002a678                serial_initialize
 .text.serial_putc
                0x0002a67c       0x18 drivers/serial/built-in.o
                0x0002a67c                serial_putc
 .text.serial_puts
                0x0002a694       0x34 drivers/serial/built-in.o
                0x0002a694                serial_puts
 .text.serial_getc
                0x0002a6c8       0x14 drivers/serial/built-in.o
                0x0002a6c8                serial_getc
 .text.serial_tstc
                0x0002a6dc       0x14 drivers/serial/built-in.o
                0x0002a6dc                serial_tstc
 .text.serial_setbrg
                0x0002a6f0       0x38 drivers/serial/built-in.o
                0x0002a6f0                serial_setbrg
 .text.on_baudrate
                0x0002a728       0xf4 drivers/serial/built-in.o
 .text.serial_stdio_init
                0x0002a81c        0x4 drivers/serial/built-in.o
                0x0002a81c                serial_stdio_init
 .text.pl01x_serial_pending
                0x0002a820       0x3c drivers/serial/built-in.o
 .text.pl01x_serial_putc
                0x0002a85c       0x2c drivers/serial/built-in.o
 .text.pl01x_serial_getc
                0x0002a888       0x38 drivers/serial/built-in.o
 .text.pl01x_serial_setbrg
                0x0002a8c0      0x110 drivers/serial/built-in.o
 .text.pl01x_serial_probe
                0x0002a9d0       0x68 drivers/serial/built-in.o
 .text.usb_host_eth_scan
                0x0002aa38      0x1d8 drivers/usb/eth/built-in.o
                0x0002aa38                usb_host_eth_scan
 .text.smsc95xx_halt
                0x0002ac10        0x4 drivers/usb/eth/built-in.o
 .text.smsc95xx_write_reg
                0x0002ac14       0x6c drivers/usb/eth/built-in.o
 .text.smsc95xx_write_hwaddr_common
                0x0002ac80       0x68 drivers/usb/eth/built-in.o
 .text.smsc95xx_write_hwaddr
                0x0002ace8       0x18 drivers/usb/eth/built-in.o
 .text.smsc95xx_read_reg
                0x0002ad00       0x78 drivers/usb/eth/built-in.o
 .text.smsc95xx_send_common
                0x0002ad78       0xbc drivers/usb/eth/built-in.o
 .text.smsc95xx_send
                0x0002ae34        0x8 drivers/usb/eth/built-in.o
 .text.smsc95xx_recv
                0x0002ae3c      0x120 drivers/usb/eth/built-in.o
 .text.unlikely.smsc95xx_phy_wait_not_busy
                0x0002af5c       0x50 drivers/usb/eth/built-in.o
 .text.unlikely.smsc95xx_mdio_read
                0x0002afac       0x60 drivers/usb/eth/built-in.o
 .text.unlikely.smsc95xx_mdio_write
                0x0002b00c       0x54 drivers/usb/eth/built-in.o
 .text.smsc95xx_init
                0x0002b060      0x5e0 drivers/usb/eth/built-in.o
 .text.smsc95xx_eth_before_probe
                0x0002b640       0x14 drivers/usb/eth/built-in.o
                0x0002b640                smsc95xx_eth_before_probe
 .text.smsc95xx_eth_probe
                0x0002b654      0x15c drivers/usb/eth/built-in.o
                0x0002b654                smsc95xx_eth_probe
 .text.smsc95xx_eth_get_info
                0x0002b7b0       0x8c drivers/usb/eth/built-in.o
                0x0002b7b0                smsc95xx_eth_get_info
 .text.dwc_otg_core_reset
                0x0002b83c       0xb0 drivers/usb/host/built-in.o
 .text.wait_for_chhltd
                0x0002b8ec       0x90 drivers/usb/host/built-in.o
                0x0002b8ec                wait_for_chhltd
 .text.chunk_msg
                0x0002b97c      0x3f4 drivers/usb/host/built-in.o
                0x0002b97c                chunk_msg
 .text._submit_bulk_msg
                0x0002bd70       0x7c drivers/usb/host/built-in.o
                0x0002bd70                _submit_bulk_msg
 .text._submit_int_msg
                0x0002bdec       0x84 drivers/usb/host/built-in.o
                0x0002bdec                _submit_int_msg
 .text.submit_control_msg
                0x0002be70      0x56c drivers/usb/host/built-in.o
                0x0002be70                submit_control_msg
 .text.submit_bulk_msg
                0x0002c3dc       0x30 drivers/usb/host/built-in.o
                0x0002c3dc                submit_bulk_msg
 .text.submit_int_msg
                0x0002c40c       0x38 drivers/usb/host/built-in.o
                0x0002c40c                submit_int_msg
 .text.usb_lowlevel_init
                0x0002c444      0x3c0 drivers/usb/host/built-in.o
                0x0002c444                usb_lowlevel_init
 .text.usb_lowlevel_stop
                0x0002c804       0x28 drivers/usb/host/built-in.o
                0x0002c804                usb_lowlevel_stop
 .text.fs_probe_unsupported
                0x0002c82c       0x18 fs/built-in.o
 .text.fs_ls_unsupported
                0x0002c844        0x8 fs/built-in.o
 .text.fs_exists_unsupported
                0x0002c84c        0x8 fs/built-in.o
 .text.fs_size_unsupported
                0x0002c854        0x8 fs/built-in.o
 .text.fs_read_unsupported
                0x0002c85c        0x8 fs/built-in.o
 .text.fs_write_unsupported
                0x0002c864        0x8 fs/built-in.o
 .text.fs_close_unsupported
                0x0002c86c        0x4 fs/built-in.o
 .text.fs_uuid_unsupported
                0x0002c870        0x8 fs/built-in.o
 .text.fs_get_info
                0x0002c878       0x30 fs/built-in.o
 .text.fs_close
                0x0002c8a8       0x28 fs/built-in.o
 .text.fs_set_blk_dev
                0x0002c8d0       0xb4 fs/built-in.o
                0x0002c8d0                fs_set_blk_dev
 .text.fs_ls    0x0002c984       0x3c fs/built-in.o
                0x0002c984                fs_ls
 .text.fs_exists
                0x0002c9c0       0x34 fs/built-in.o
                0x0002c9c0                fs_exists
 .text.fs_size  0x0002c9f4       0x3c fs/built-in.o
                0x0002c9f4                fs_size
 .text.fs_read  0x0002ca30       0xa4 fs/built-in.o
                0x0002ca30                fs_read
 .text.fs_write
                0x0002cad4       0x8c fs/built-in.o
                0x0002cad4                fs_write
 .text.do_size  0x0002cb60       0x60 fs/built-in.o
                0x0002cb60                do_size
 .text.do_load  0x0002cbc0      0x264 fs/built-in.o
                0x0002cbc0                do_load
 .text.do_ls    0x0002ce24       0x6c fs/built-in.o
                0x0002ce24                do_ls
 .text.file_exists
                0x0002ce90       0x2c fs/built-in.o
                0x0002ce90                file_exists
 .text.do_save  0x0002cebc      0x18c fs/built-in.o
                0x0002cebc                do_save
 .text.do_fs_type
                0x0002d048       0x80 fs/built-in.o
                0x0002d048                do_fs_type
 .text.get_fs   0x0002d0c8        0xc fs/built-in.o
                0x0002d0c8                get_fs
 .text.ext4fs_free_node
                0x0002d0d4       0x24 fs/built-in.o
                0x0002d0d4                ext4fs_free_node
 .text.ext4fs_read_file
                0x0002d0f8      0x3e8 fs/built-in.o
                0x0002d0f8                ext4fs_read_file
 .text.ext4fs_ls
                0x0002d4e0       0x78 fs/built-in.o
                0x0002d4e0                ext4fs_ls
 .text.ext4fs_exists
                0x0002d558       0x18 fs/built-in.o
                0x0002d558                ext4fs_exists
 .text.ext4fs_size
                0x0002d570        0x4 fs/built-in.o
                0x0002d570                ext4fs_size
 .text.ext4fs_read
                0x0002d574       0x5c fs/built-in.o
                0x0002d574                ext4fs_read
 .text.ext4fs_probe
                0x0002d5d0       0x30 fs/built-in.o
                0x0002d5d0                ext4fs_probe
 .text.ext4_read_file
                0x0002d600       0x84 fs/built-in.o
                0x0002d600                ext4_read_file
 .text.ext4fs_uuid
                0x0002d684       0x38 fs/built-in.o
                0x0002d684                ext4fs_uuid
 .text.ext4fs_read_inode
                0x0002d6bc      0x134 fs/built-in.o
                0x0002d6bc                ext4fs_read_inode
 .text.read_allocated_block
                0x0002d7f0      0x9a0 fs/built-in.o
                0x0002d7f0                read_allocated_block
 .text.ext4fs_reinit_global
                0x0002e190       0xbc fs/built-in.o
                0x0002e190                ext4fs_reinit_global
 .text.ext4fs_close
                0x0002e24c       0x60 fs/built-in.o
                0x0002e24c                ext4fs_close
 .text.ext4fs_iterate_dir
                0x0002e2ac      0x2cc fs/built-in.o
                0x0002e2ac                ext4fs_iterate_dir
 .text.ext4fs_find_file1
                0x0002e578      0x2b4 fs/built-in.o
 .text.ext4fs_find_file
                0x0002e82c       0x74 fs/built-in.o
                0x0002e82c                ext4fs_find_file
 .text.ext4fs_open
                0x0002e8a0       0xac fs/built-in.o
                0x0002e8a0                ext4fs_open
 .text.ext4fs_mount
                0x0002e94c       0xcc fs/built-in.o
                0x0002e94c                ext4fs_mount
 .text.ext4fs_set_blk_dev
                0x0002ea18       0x70 fs/built-in.o
                0x0002ea18                ext4fs_set_blk_dev
 .text.ext4fs_devread
                0x0002ea88      0x264 fs/built-in.o
                0x0002ea88                ext4fs_devread
 .text.ext4_read_superblock
                0x0002ecec       0x3c fs/built-in.o
                0x0002ecec                ext4_read_superblock
 .text.downcase
                0x0002ed28       0x30 fs/built-in.o
 .text.disk_read
                0x0002ed58       0x64 fs/built-in.o
 .text.dirdelim
                0x0002edbc       0x34 fs/built-in.o
 .text.get_fatent
                0x0002edf0      0x15c fs/built-in.o
 .text.mkcksum  0x0002ef4c       0x54 fs/built-in.o
 .text.disk_write
                0x0002efa0       0x8c fs/built-in.o
 .text.flush_fat_buffer
                0x0002f02c       0x80 fs/built-in.o
 .text.set_fatent_value
                0x0002f0ac      0x104 fs/built-in.o
 .text.get_fatent_value
                0x0002f1b0      0x1d8 fs/built-in.o
 .text.find_empty_cluster
                0x0002f388       0x2c fs/built-in.o
 .text.get_name
                0x0002f3b4       0xac fs/built-in.o
 .text.read_bootsectandvi
                0x0002f460      0x128 fs/built-in.o
 .text.get_cluster
                0x0002f588      0x17c fs/built-in.o
 .text.set_cluster
                0x0002f704      0x184 fs/built-in.o
 .text.set_name
                0x0002f888      0x138 fs/built-in.o
 .text.check_overflow
                0x0002f9c0       0xa8 fs/built-in.o
 .text.slot2str
                0x0002fa68       0xc8 fs/built-in.o
 .text.get_vfatname
                0x0002fb30      0x1d8 fs/built-in.o
 .text.flush_dir_table.constprop.9
                0x0002fd08       0xd8 fs/built-in.o
 .text.do_fat_write
                0x0002fde0      0xd10 fs/built-in.o
 .text.fat_set_blk_dev
                0x00030af0       0xd4 fs/built-in.o
                0x00030af0                fat_set_blk_dev
 .text.do_fat_read_at
                0x00030bc4      0xd7c fs/built-in.o
                0x00030bc4                do_fat_read_at
 .text.do_fat_read
                0x00031940       0x40 fs/built-in.o
                0x00031940                do_fat_read
 .text.file_fat_detectfs
                0x00031980      0x14c fs/built-in.o
                0x00031980                file_fat_detectfs
 .text.file_fat_ls
                0x00031acc       0x2c fs/built-in.o
                0x00031acc                file_fat_ls
 .text.fat_exists
                0x00031af8       0x48 fs/built-in.o
                0x00031af8                fat_exists
 .text.fat_size
                0x00031b40       0x3c fs/built-in.o
                0x00031b40                fat_size
 .text.file_fat_read_at
                0x00031b7c       0x68 fs/built-in.o
                0x00031b7c                file_fat_read_at
 .text.file_fat_read
                0x00031be4       0x3c fs/built-in.o
                0x00031be4                file_fat_read
 .text.fat_read_file
                0x00031c20       0x50 fs/built-in.o
                0x00031c20                fat_read_file
 .text.fat_close
                0x00031c70        0x4 fs/built-in.o
                0x00031c70                fat_close
 .text.file_fat_write
                0x00031c74       0x60 fs/built-in.o
                0x00031c74                file_fat_write
 .text.efi_return_handle
                0x00031cd4        0xc lib/built-in.o