Archive member included because of file (symbol)

/home/boricj/Documents/Projects/minix/src/releasetools/rpi-tools/arm-bcm2708/arm-bcm2708-linux-gnueabi/bin/../lib/gcc/arm-bcm2708-linux-gnueabi/4.7.1/libgcc.a(_udivsi3.o)
                              cmd/built-in.o (__aeabi_uidiv)
/home/boricj/Documents/Projects/minix/src/releasetools/rpi-tools/arm-bcm2708/arm-bcm2708-linux-gnueabi/bin/../lib/gcc/arm-bcm2708-linux-gnueabi/4.7.1/libgcc.a(_divsi3.o)
                              cmd/built-in.o (__aeabi_idiv)
/home/boricj/Documents/Projects/minix/src/releasetools/rpi-tools/arm-bcm2708/arm-bcm2708-linux-gnueabi/bin/../lib/gcc/arm-bcm2708-linux-gnueabi/4.7.1/libgcc.a(_lshrdi3.o)
                              fs/built-in.o (__aeabi_llsr)
/home/boricj/Documents/Projects/minix/src/releasetools/rpi-tools/arm-bcm2708/arm-bcm2708-linux-gnueabi/bin/../lib/gcc/arm-bcm2708-linux-gnueabi/4.7.1/libgcc.a(_ashldi3.o)
                              drivers/mmc/built-in.o (__aeabi_llsl)
/home/boricj/Documents/Projects/minix/src/releasetools/rpi-tools/arm-bcm2708/arm-bcm2708-linux-gnueabi/bin/../lib/gcc/arm-bcm2708-linux-gnueabi/4.7.1/libgcc.a(_dvmd_lnx.o)
                              /home/boricj/Documents/Projects/minix/src/releasetools/rpi-tools/arm-bcm2708/arm-bcm2708-linux-gnueabi/bin/../lib/gcc/arm-bcm2708-linux-gnueabi/4.7.1/libgcc.a(_udivsi3.o) (__aeabi_idiv0)

Discarded input sections

 .data          0x00000000        0x0 arch/arm/cpu/armv7/start.o
 .bss           0x00000000        0x0 arch/arm/cpu/armv7/start.o
 .text.v7_arch_cp15_set_l2aux_ctrl
                0x00000000        0x8 arch/arm/cpu/armv7/built-in.o
 .text.v7_arch_cp15_set_acr
                0x00000000        0x8 arch/arm/cpu/armv7/built-in.o
 .text.sdelay   0x00000000        0xc arch/arm/cpu/armv7/built-in.o
 .text.wait_on_value
                0x00000000       0x34 arch/arm/cpu/armv7/built-in.o
 .data          0x00000000        0x0 arch/arm/cpu/armv7/built-in.o
 .bss           0x00000000        0x0 arch/arm/cpu/armv7/built-in.o
 .text.enable_caches
                0x00000000        0xc arch/arm/lib/built-in.o
 .text.invalidate_dcache_range
                0x00000000        0x4 arch/arm/lib/built-in.o
 .text.flush_dcache_range
                0x00000000        0x4 arch/arm/lib/built-in.o
 .text.flush_dcache_all
                0x00000000        0xc arch/arm/lib/built-in.o
 .text.arm_init_before_mmu
                0x00000000        0x4 arch/arm/lib/built-in.o
 .text.mmu_page_table_flush
                0x00000000        0x4 arch/arm/lib/built-in.o
 .text.icache_status
                0x00000000       0x24 arch/arm/lib/built-in.o
 .data          0x00000000        0x0 arch/arm/lib/built-in.o
 .__secure_end  0x00000000        0x0 arch/arm/lib/built-in.o
 .__secure_start
                0x00000000        0x0 arch/arm/lib/built-in.o
 .bss           0x00000000        0x0 arch/arm/lib/built-in.o
 .text          0x00000000        0x0 arch/arm/mach-bcm283x/built-in.o
 .data          0x00000000        0x0 arch/arm/mach-bcm283x/built-in.o
 .bss           0x00000000        0x0 arch/arm/mach-bcm283x/built-in.o
 .text          0x00000000        0x0 board/raspberrypi/rpi/built-in.o
 .data          0x00000000        0x0 board/raspberrypi/rpi/built-in.o
 .bss           0x00000000        0x0 board/raspberrypi/rpi/built-in.o
 .text          0x00000000        0x0 cmd/built-in.o
 .text.bootz_setup
                0x00000000       0x18 cmd/built-in.o
 .text.name_to_gpio
                0x00000000        0xc cmd/built-in.o
 .data          0x00000000        0x0 cmd/built-in.o
 .bss           0x00000000        0x0 cmd/built-in.o
 .text          0x00000000        0x0 common/built-in.o
 .text.hash_finish_crc32
                0x00000000       0x30 common/built-in.o
 .text.hash_update_crc32
                0x00000000       0x24 common/built-in.o
 .text.hash_init_crc32
                0x00000000       0x24 common/built-in.o
 .text.hash_lookup_algo
                0x00000000       0x28 common/built-in.o
 .text.hash_progressive_lookup_algo
                0x00000000       0x3c common/built-in.o
 .text.hash_parse_string
                0x00000000       0x64 common/built-in.o
 .text.hash_block
                0x00000000       0x70 common/built-in.o
 .text.unset_local_var
                0x00000000       0xa4 common/built-in.o
 .text.arch_cpu_init
                0x00000000        0x8 common/built-in.o
 .text.red_led_off
                0x00000000        0x4 common/built-in.o
 .text.green_led_on
                0x00000000        0x4 common/built-in.o
 .text.green_led_off
                0x00000000        0x4 common/built-in.o
 .text.yellow_led_on
                0x00000000        0x4 common/built-in.o
 .text.yellow_led_off
                0x00000000        0x4 common/built-in.o
 .text.blue_led_on
                0x00000000        0x4 common/built-in.o
 .text.blue_led_off
                0x00000000        0x4 common/built-in.o
 .text.arch_reserve_stacks
[...]
Memory Configuration

Name             Origin             Length             Attributes
*default*        0x00000000         0xffffffff

Linker script and memory map

Address of section .text set to 0x8000
                0x00000000                . = 0x0
                0x00000000                . = ALIGN (0x4)

.text           0x00008000    0x384f4
 *(.__image_copy_start)
 .__image_copy_start
                0x00008000        0x0 arch/arm/lib/built-in.o
                0x00008000                __image_copy_start
 *(.vectors)
 .vectors       0x00008000      0x300 arch/arm/lib/built-in.o
                0x00008000                _start
                0x00008020                _undefined_instruction
                0x00008024                _software_interrupt
                0x00008028                _prefetch_abort
                0x0000802c                _data_abort
                0x00008030                _not_used
                0x00008034                _irq
                0x00008038                _fiq
                0x00008040                IRQ_STACK_START_IN
 arch/arm/cpu/armv7/start.o(.text*)
 .text          0x00008300       0xa4 arch/arm/cpu/armv7/start.o
                0x00008300                reset
                0x00008304                save_boot_params_ret
                0x00008338                c_runtime_cpu_setup
                0x00008348                save_boot_params
                0x0000834c                cpu_init_cp15
 *(.text*)
 .text          0x000083a4      0x148 arch/arm/cpu/armv7/built-in.o
                0x000083a4                __v7_flush_dcache_all
                0x00008438                v7_flush_dcache_all
                0x00008448                __v7_invalidate_dcache_all
                0x000084dc                v7_invalidate_dcache_all
 .text.v7_dcache_inval_range
                0x000084ec       0x80 arch/arm/cpu/armv7/built-in.o
 .text.invalidate_icache_all
                0x0000856c       0x18 arch/arm/cpu/armv7/built-in.o
                0x0000856c                invalidate_icache_all
 .text.v7_outer_cache_enable
                0x00008584        0x4 arch/arm/cpu/armv7/built-in.o
                0x00008584                v7_outer_cache_enable
 .text.v7_outer_cache_disable
                0x00008588        0x4 arch/arm/cpu/armv7/built-in.o
                0x00008588                v7_outer_cache_disable
 .text.v7_outer_cache_flush_all
                0x0000858c        0x4 arch/arm/cpu/armv7/built-in.o
                0x0000858c                v7_outer_cache_flush_all
 .text.flush_dcache_all
                0x00008590       0x10 arch/arm/cpu/armv7/built-in.o
                0x00008590                flush_dcache_all
 .text.v7_outer_cache_inval_all
                0x000085a0        0x4 arch/arm/cpu/armv7/built-in.o
                0x000085a0                v7_outer_cache_inval_all
 .text.invalidate_dcache_all
                0x000085a4       0x10 arch/arm/cpu/armv7/built-in.o
                0x000085a4                invalidate_dcache_all
 .text.arm_init_before_mmu
                0x000085b4       0x28 arch/arm/cpu/armv7/built-in.o
                0x000085b4                arm_init_before_mmu
 .text.v7_outer_cache_flush_range
                0x000085dc        0x4 arch/arm/cpu/armv7/built-in.o
                0x000085dc                v7_outer_cache_flush_range
 .text.flush_dcache_range
                0x000085e0       0x38 arch/arm/cpu/armv7/built-in.o
                0x000085e0                flush_dcache_range
 .text.mmu_page_table_flush
                0x00008618       0x24 arch/arm/cpu/armv7/built-in.o
                0x00008618                mmu_page_table_flush
 .text.v7_outer_cache_inval_range
                0x0000863c        0x4 arch/arm/cpu/armv7/built-in.o
                0x0000863c                v7_outer_cache_inval_range
 .text.invalidate_dcache_range
                0x00008640       0x38 arch/arm/cpu/armv7/built-in.o
                0x00008640                invalidate_dcache_range
 .text.cpu_cache_initialization
                0x00008678        0x4 arch/arm/cpu/armv7/built-in.o
                0x00008678                cpu_cache_initialization
 .text.cleanup_before_linux_select
                0x0000867c       0x4c arch/arm/cpu/armv7/built-in.o
                0x0000867c                cleanup_before_linux_select
 .text.cleanup_before_linux
                0x000086c8        0x8 arch/arm/cpu/armv7/built-in.o
                0x000086c8                cleanup_before_linux
 .text          0x000086d0       0x90 arch/arm/lib/built-in.o
                0x000086d0                _main
 .text.relocate_vectors
                0x00008760       0x70 arch/arm/lib/built-in.o
                0x00008760                relocate_vectors
                0x0000876c                relocate_code
 .text.arch_fixup_fdt
                0x000087d0       0x38 arch/arm/lib/built-in.o
                0x000087d0                arch_fixup_fdt
 .text.boot_jump_linux
                0x00008808       0xc0 arch/arm/lib/built-in.o
 .text.arch_lmb_reserve
                0x000088c8       0x24 arch/arm/lib/built-in.o
                0x000088c8                arch_lmb_reserve
 .text.setup_board_tags
                0x000088ec        0x4 arch/arm/lib/built-in.o
                0x000088ec                setup_board_tags
 .text.boot_prep_linux
                0x000088f0      0x1c0 arch/arm/lib/built-in.o
 .text.do_bootm_linux
                0x00008ab0       0x60 arch/arm/lib/built-in.o
                0x00008ab0                do_bootm_linux
 .text.bootz_setup
                0x00008b10       0x60 arch/arm/lib/built-in.o
                0x00008b10                bootz_setup
 .text.boot_prep_vxworks
                0x00008b70       0x4c arch/arm/lib/built-in.o
                0x00008b70                boot_prep_vxworks
 .text.boot_jump_vxworks
                0x00008bbc       0x14 arch/arm/lib/built-in.o
                0x00008bbc                boot_jump_vxworks
 .text.arch_reserve_stacks
                0x00008bd0       0x1c arch/arm/lib/built-in.o
                0x00008bd0                arch_reserve_stacks
 .text.interrupt_init
                0x00008bec       0x1c arch/arm/lib/built-in.o
                0x00008bec                interrupt_init
 .text.enable_interrupts
                0x00008c08        0x4 arch/arm/lib/built-in.o
                0x00008c08                enable_interrupts
 .text.disable_interrupts
                0x00008c0c        0x8 arch/arm/lib/built-in.o
                0x00008c0c                disable_interrupts
 .text.bad_mode
                0x00008c14       0x10 arch/arm/lib/built-in.o
                0x00008c14                bad_mode
 .text.show_regs
                0x00008c24      0x174 arch/arm/lib/built-in.o
                0x00008c24                show_regs
 .text.do_undefined_instruction
                0x00008d98       0x24 arch/arm/lib/built-in.o
                0x00008d98                do_undefined_instruction
 .text.do_software_interrupt
                0x00008dbc       0x24 arch/arm/lib/built-in.o
                0x00008dbc                do_software_interrupt
 .text.do_prefetch_abort
                0x00008de0       0x24 arch/arm/lib/built-in.o
                0x00008de0                do_prefetch_abort
 .text.do_data_abort
                0x00008e04       0x24 arch/arm/lib/built-in.o
                0x00008e04                do_data_abort
 .text.do_not_used
                0x00008e28       0x24 arch/arm/lib/built-in.o
                0x00008e28                do_not_used
 .text.do_fiq   0x00008e4c       0x24 arch/arm/lib/built-in.o
                0x00008e4c                do_fiq
 .text.do_irq   0x00008e70       0x24 arch/arm/lib/built-in.o
                0x00008e70                do_irq
 .text.reset_misc
                0x00008e94        0x4 arch/arm/lib/built-in.o
                0x00008e94                reset_misc
 .text.do_reset
                0x00008e98       0x30 arch/arm/lib/built-in.o
                0x00008e98                do_reset
 .text.flush_cache
                0x00008ec8        0x8 arch/arm/lib/built-in.o
                0x00008ec8                flush_cache
 .text.cp_delay
                0x00008ed0       0x30 arch/arm/lib/built-in.o
 .text.cache_disable
                0x00008f00       0x8c arch/arm/lib/built-in.o
 .text.arm_init_domains
                0x00008f8c        0x4 arch/arm/lib/built-in.o
                0x00008f8c                arm_init_domains
 .text.set_section_dcache
                0x00008f90       0x20 arch/arm/lib/built-in.o
                0x00008f90                set_section_dcache
 .text.mmu_set_region_dcache_behaviour
                0x00008fb0       0x50 arch/arm/lib/built-in.o
                0x00008fb0                mmu_set_region_dcache_behaviour
 .text.dram_bank_mmu_setup
                0x00009000       0x4c arch/arm/lib/built-in.o
                0x00009000                dram_bank_mmu_setup
 .text.cache_enable
                0x0000904c      0x170 arch/arm/lib/built-in.o
 .text.icache_enable
                0x000091bc        0x8 arch/arm/lib/built-in.o
                0x000091bc                icache_enable
 .text.icache_disable
                0x000091c4        0x8 arch/arm/lib/built-in.o
                0x000091c4                icache_disable
 .text.dcache_enable
                0x000091cc        0x8 arch/arm/lib/built-in.o
                0x000091cc                dcache_enable
 .text.dcache_disable
                0x000091d4        0x8 arch/arm/lib/built-in.o
                0x000091d4                dcache_disable
 .text.dcache_status
                0x000091dc       0x24 arch/arm/lib/built-in.o
                0x000091dc                dcache_status
 .text.arch_cpu_init
                0x00009200       0x10 arch/arm/mach-bcm283x/built-in.o
                0x00009200                arch_cpu_init
 .text.enable_caches
                0x00009210        0x4 arch/arm/mach-bcm283x/built-in.o
                0x00009210                enable_caches
 .text.reset_cpu
                0x00009214       0x2c arch/arm/mach-bcm283x/built-in.o
                0x00009214                reset_cpu
 .text.bcm2835_mbox_call_raw
                0x00009240      0x108 arch/arm/mach-bcm283x/built-in.o
                0x00009240                bcm2835_mbox_call_raw
 .text.bcm2835_mbox_call_prop
                0x00009348       0xe8 arch/arm/mach-bcm283x/built-in.o
                0x00009348                bcm2835_mbox_call_prop
 .text.phys_to_bus
                0x00009430        0x8 arch/arm/mach-bcm283x/built-in.o
                0x00009430                phys_to_bus
 .text.bus_to_phys
                0x00009438        0x8 arch/arm/mach-bcm283x/built-in.o
                0x00009438                bus_to_phys
 .text.power_on_module
                0x00009440       0x88 board/raspberrypi/rpi/built-in.o
 .text.dram_init
                0x000094c8       0x84 board/raspberrypi/rpi/built-in.o
                0x000094c8                dram_init
 .text.misc_init_r
                0x0000954c      0x244 board/raspberrypi/rpi/built-in.o
                0x0000954c                misc_init_r
 .text.board_init
                0x00009790      0x164 board/raspberrypi/rpi/built-in.o
                0x00009790                board_init
 .text.board_mmc_init
                0x000098f4       0x9c board/raspberrypi/rpi/built-in.o
                0x000098f4                board_mmc_init
 .text.ft_board_setup
                0x00009990       0x10 board/raspberrypi/rpi/built-in.o
                0x00009990                ft_board_setup
 .text.do_go_exec
                0x000099a0       0x18 cmd/built-in.o
                0x000099a0                do_go_exec
 .text.do_go    0x000099b8       0x70 cmd/built-in.o
 .text.image_info
                0x00009a28       0xc4 cmd/built-in.o
 .text.do_bootd
                0x00009aec       0x20 cmd/built-in.o
                0x00009aec                do_bootd
 .text.do_bootm
                0x00009b0c      0x104 cmd/built-in.o
                0x00009b0c                do_bootm
 .text.do_iminfo
                0x00009c10       0x60 cmd/built-in.o
 .text.bootm_maybe_autostart
                0x00009c70       0x74 cmd/built-in.o
                0x00009c70                bootm_maybe_autostart
 .text.do_bootz
                0x00009ce4       0xf8 cmd/built-in.o
                0x00009ce4                do_bootz
 .text.do_help  0x00009ddc       0x44 cmd/built-in.o
 .text.do_version
                0x00009e20       0x38 cmd/built-in.o
 .text.source   0x00009e58       0xe0 cmd/built-in.o
                0x00009e58                source
 .text.do_source
                0x00009f38       0x48 cmd/built-in.o
 .text.print_num
                0x00009f80       0x18 cmd/built-in.o
 .text.do_bdinfo
                0x00009f98      0x18c cmd/built-in.o
 .text.bootefi_open_dp
                0x0000a124       0x14 cmd/built-in.o
 .text.do_bootefi_exec
                0x0000a138      0x23c cmd/built-in.o
 .text.do_bootefi
                0x0000a374       0x90 cmd/built-in.o
 .text.efi_set_bootdev
                0x0000a404      0x15c cmd/built-in.o
                0x0000a404                efi_set_bootdev
 .text.do_coninfo
                0x0000a560       0xac cmd/built-in.o
 .text.do_echo  0x0000a60c       0xb0 cmd/built-in.o
 .text.load_elf_image_shdr
                0x0000a6bc       0x8c cmd/built-in.o
 .text.valid_elf_image
                0x0000a748       0x4c cmd/built-in.o
                0x0000a748                valid_elf_image
 .text.do_bootvx
                0x0000a794      0x348 cmd/built-in.o
                0x0000a794                do_bootvx
 .text.do_bootelf
                0x0000aadc      0x1c0 cmd/built-in.o
                0x0000aadc                do_bootelf
 .text.do_exit  0x0000ac9c       0x34 cmd/built-in.o
 .text.do_ext4_ls
                0x0000acd0       0x14 cmd/built-in.o
                0x0000acd0                do_ext4_ls
 .text.do_ext4_load
                0x0000ace4       0x14 cmd/built-in.o
                0x0000ace4                do_ext4_load
 .text.do_ext4_size
                0x0000acf8       0x14 cmd/built-in.o
                0x0000acf8                do_ext4_size
 .text.do_ext2ls
                0x0000ad0c       0x14 cmd/built-in.o
 .text.do_ext2load
                0x0000ad20       0x14 cmd/built-in.o
                0x0000ad20                do_ext2load
 .text.do_fat_fswrite
                0x0000ad34      0x108 cmd/built-in.o
 .text.do_fat_fsinfo
                0x0000ae3c       0x90 cmd/built-in.o
 .text.do_fat_ls
                0x0000aecc       0x14 cmd/built-in.o
 .text.do_fat_fsload
                0x0000aee0       0x14 cmd/built-in.o
                0x0000aee0                do_fat_fsload
 .text.do_fat_size
                0x0000aef4       0x14 cmd/built-in.o
                0x0000aef4                do_fat_size
 .text.fdt_valid
                0x0000af08       0xc0 cmd/built-in.o
 .text.is_printable_string
                0x0000afc8       0x90 cmd/built-in.o
 .text.print_data
                0x0000b058      0x170 cmd/built-in.o
 .text.set_working_fdt_addr
                0x0000b1c8       0x1c cmd/built-in.o
                0x0000b1c8                set_working_fdt_addr
 .text.do_fdt   0x0000b1e4      0xf08 cmd/built-in.o
 .text.do_fstype_wrapper
                0x0000c0ec        0x4 cmd/built-in.o
 .text.do_ls_wrapper
                0x0000c0f0       0x14 cmd/built-in.o
 .text.do_save_wrapper
                0x0000c104       0x14 cmd/built-in.o
 .text.do_load_wrapper
                0x0000c118       0x68 cmd/built-in.o
 .text.do_size_wrapper
                0x0000c180       0x14 cmd/built-in.o
 .text.gpio_get_description
                0x0000c194       0xc4 cmd/built-in.o
 .text.do_gpio  0x0000c258      0x380 cmd/built-in.o
 .text.evalexp  0x0000c5d8       0x78 cmd/built-in.o
 .text.evalstr  0x0000c650       0x70 cmd/built-in.o
 .text.binary_test
                0x0000c6c0      0x19c cmd/built-in.o
 .text.do_itest
                0x0000c85c       0x98 cmd/built-in.o
 .text.bin_data_init
                0x0000c8f4       0x2c cmd/built-in.o
 .text.k_data_restore
                0x0000c920       0x4c cmd/built-in.o
 .text.load_serial_ymodem
                0x0000c96c       0xe0 cmd/built-in.o
 .text.getcxmodem
                0x0000ca4c       0x20 cmd/built-in.o
 .text.bin_data_char
                0x0000ca6c       0x28 cmd/built-in.o
 .text.chk1.constprop.1
                0x0000ca94       0x30 cmd/built-in.o
 .text.s1_sendpacket.constprop.2
                0x0000cac4       0x50 cmd/built-in.o
 .text.load_serial
                0x0000cb14      0x1f8 cmd/built-in.o
 .text.do_load_serial
                0x0000cd0c       0xe0 cmd/built-in.o
 .text.do_load_serial_bin
                0x0000cdec      0x804 cmd/built-in.o
 .text.do_mem_loop
                0x0000d5f0       0xfc cmd/built-in.o
 .text.do_mem_mw
                0x0000d6ec       0xc4 cmd/built-in.o
 .text.do_mem_base
                0x0000d7b0       0x40 cmd/built-in.o
 .text.do_mem_cmp
                0x0000d7f0      0x16c cmd/built-in.o
 .text.do_mem_crc
                0x0000d95c       0x48 cmd/built-in.o
 .text.do_mem_cp
                0x0000d9a4       0xd8 cmd/built-in.o
 .text.do_mem_md
                0x0000da7c       0xec cmd/built-in.o
 .text.mod_mem.isra.2
                0x0000db68      0x178 cmd/built-in.o
 .text.do_mem_nm
                0x0000dce0        0x8 cmd/built-in.o
 .text.do_mem_mm
                0x0000dce8        0x8 cmd/built-in.o
 .text.extract_range
                0x0000dcf0       0x4c cmd/built-in.o
 .text.do_mii   0x0000dd3c      0x8e4 cmd/built-in.o
 .text.do_sleep
                0x0000e620       0x70 cmd/built-in.o
 .text.init_mmc_device
                0x0000e690       0x50 cmd/built-in.o
 .text.do_mmc_rescan
                0x0000e6e0       0x24 cmd/built-in.o
 .text.do_mmcinfo
                0x0000e704      0x374 cmd/built-in.o
 .text.do_mmcops
                0x0000ea78       0xbc cmd/built-in.o
 .text.do_mmc_hwpartition
                0x0000eb34      0x510 cmd/built-in.o
 .text.do_mmc_list
                0x0000f044       0x14 cmd/built-in.o
 .text.do_mmc_dev
                0x0000f058      0x134 cmd/built-in.o
 .text.do_mmc_part
                0x0000f18c       0x5c cmd/built-in.o
 .text.do_mmc_erase
                0x0000f1e8       0xf0 cmd/built-in.o
 .text.do_mmc_write
                0x0000f2d8      0x108 cmd/built-in.o
 .text.do_mmc_read
                0x0000f3e0       0xec cmd/built-in.o
 .text.do_mmc_setdsr
                0x0000f4cc       0xac cmd/built-in.o
 .text.netboot_common
                0x0000f578      0x2a8 cmd/built-in.o
 .text.do_nfs   0x0000f820        0xc cmd/built-in.o
 .text.do_dhcp  0x0000f82c        0xc cmd/built-in.o
 .text.do_bootp
                0x0000f838        0xc cmd/built-in.o
 .text.do_tftpb
                0x0000f844       0x40 cmd/built-in.o
                0x0000f844                do_tftpb
 .text.do_ping  0x0000f884       0x74 cmd/built-in.o
 .text.do_part_list
                0x0000f8f8      0x174 cmd/built-in.o
 .text.do_part_start
                0x0000fa6c       0xcc cmd/built-in.o
 .text.do_part_size
                0x0000fb38       0xcc cmd/built-in.o
 .text.do_part  0x0000fc04      0x118 cmd/built-in.o
 .text.eol_or_eof
                0x0000fd1c       0x24 cmd/built-in.o
 .text.from_env
                0x0000fd40       0x2c cmd/built-in.o
 .text.label_print
                0x0000fd6c       0x1c cmd/built-in.o
 .text.get_string
                0x0000fd88       0xd4 cmd/built-in.o
 .text.label_destroy
                0x0000fe5c       0x74 cmd/built-in.o
 .text.destroy_pxe_menu
                0x0000fed0       0x5c cmd/built-in.o
 .text.get_token
                0x0000ff2c      0x128 cmd/built-in.o
 .text.parse_sliteral
                0x00010054       0x54 cmd/built-in.o
 .text.parse_integer
                0x000100a8       0x6c cmd/built-in.o
 .text.do_get_any
                0x00010114       0x40 cmd/built-in.o
 .text.do_get_fat
                0x00010154       0x3c cmd/built-in.o
 .text.do_get_ext2
                0x00010190       0x3c cmd/built-in.o
 .text.do_pxe   0x000101cc       0x6c cmd/built-in.o
 .text.do_get_tftp
                0x00010238       0x44 cmd/built-in.o
 .text.format_mac_pxe.constprop.7
                0x0001027c       0x78 cmd/built-in.o
 .text.get_relfile
                0x000102f4      0x13c cmd/built-in.o
 .text.get_pxe_file
                0x00010430       0x60 cmd/built-in.o
 .text.get_pxelinux_path
                0x00010490       0x80 cmd/built-in.o
 .text.do_pxe_get
                0x00010510      0x164 cmd/built-in.o
 .text.handle_include
                0x00010674       0xa4 cmd/built-in.o
 .text.parse_pxefile_top
                0x00010718      0x498 cmd/built-in.o
 .text.parse_pxefile
                0x00010bb0       0x6c cmd/built-in.o
 .text.get_relfile_envaddr
                0x00010c1c       0x54 cmd/built-in.o
 .text.label_boot
                0x00010c70      0x5a4 cmd/built-in.o
 .text.handle_pxe_menu
                0x00011214      0x170 cmd/built-in.o
 .text.do_sysboot
                0x00011384      0x1e8 cmd/built-in.o
 .text.do_pxe_boot
                0x0001156c       0xdc cmd/built-in.o
 .text.get_arg  0x00011648       0x60 cmd/built-in.o
 .text.substitute
                0x000116a8       0xf8 cmd/built-in.o
 .text.regex_sub
                0x000117a0      0x3f4 cmd/built-in.o
 .text.do_setexpr
                0x00011b94      0x1a4 cmd/built-in.o
 .text.do_false
                0x00011d38        0x8 cmd/built-in.o
 .text.do_true  0x00011d40        0x8 cmd/built-in.o
 .text.do_test  0x00011d48      0x354 cmd/built-in.o
 .text.usb_get_class_desc
                0x0001209c       0xc4 cmd/built-in.o
 .text.do_usbboot
                0x00012160        0xc cmd/built-in.o
 .text.usb_display_class_sub
                0x0001216c      0x188 cmd/built-in.o
 .text.usb_find_device
                0x000122f4       0x3c cmd/built-in.o
 .text.usb_show_tree_graph
                0x00012330      0x228 cmd/built-in.o
 .text.usb_display_string
                0x00012558       0x44 cmd/built-in.o
 .text.usb_display_config
                0x0001259c      0x22c cmd/built-in.o
 .text.do_usb_start
                0x000127c8       0x48 cmd/built-in.o
 .text.usb_display_desc.part.5
                0x00012810      0x120 cmd/built-in.o
 .text.usb_show_tree
                0x00012930       0x54 cmd/built-in.o
                0x00012930                usb_show_tree
 .text.do_usb   0x00012984      0x768 cmd/built-in.o
 .text.do_imgextract
                0x000130ec      0x280 cmd/built-in.o
 .text.do_env_delete
                0x0001336c       0xa8 cmd/built-in.o
 .text.do_env_exists
                0x00013414       0x64 cmd/built-in.o
 .text.env_print
                0x00013478       0xc8 cmd/built-in.o
 .text.do_env_print
                0x00013540       0xc4 cmd/built-in.o
 .text.do_env   0x00013604       0x5c cmd/built-in.o
 .text.do_env_import
                0x00013660      0x2a0 cmd/built-in.o
 .text.do_env_default
                0x00013900       0xb4 cmd/built-in.o
 .text.do_env_save
                0x000139b4       0x2c cmd/built-in.o
 .text._do_env_set.isra.1
                0x000139e0      0x1d8 cmd/built-in.o
 .text.do_env_set
                0x00013bb8       0x20 cmd/built-in.o
 .text.get_env_id
                0x00013bd8       0x10 cmd/built-in.o
                0x00013bd8                get_env_id
 .text.setenv   0x00013be8       0x64 cmd/built-in.o
                0x00013be8                setenv
 .text.setenv_ulong
                0x00013c4c       0x20 cmd/built-in.o
                0x00013c4c                setenv_ulong
 .text.setenv_hex
                0x00013c6c       0x34 cmd/built-in.o
                0x00013c6c                setenv_hex
 .text.do_env_export
                0x00013ca0      0x268 cmd/built-in.o
 .text.envmatch
                0x00013f08       0x6c cmd/built-in.o
                0x00013f08                envmatch
 .text.getenv_f
                0x00013f74       0xcc cmd/built-in.o
                0x00013f74                getenv_f
 .text.getenv   0x00014040       0x78 cmd/built-in.o
                0x00014040                getenv
 .text.do_env_edit.part.3
                0x000140b8       0xac cmd/built-in.o
 .text.do_env_edit
                0x00014164       0x2c cmd/built-in.o
 .text.getenv_ulong
                0x00014190       0x30 cmd/built-in.o
                0x00014190                getenv_ulong
 .text.getenv_hex
                0x000141c0       0x34 cmd/built-in.o
                0x000141c0                getenv_hex
 .text.common_diskboot
                0x000141f4      0x238 cmd/built-in.o
                0x000141f4                common_diskboot
 .text.board_init_f_alloc_reserve
                0x0001442c       0x10 common/built-in.o
                0x0001442c                board_init_f_alloc_reserve
 .text.board_init_f_init_reserve
                0x0001443c       0x20 common/built-in.o
                0x0001443c                board_init_f_init_reserve
 .text.show_boot_progress
                0x0001445c        0x4 common/built-in.o
                0x0001445c                show_boot_progress
 .text.main_loop
                0x00014460       0x48 common/built-in.o
                0x00014460                main_loop
 .text.dummy    0x000144a8        0x4 common/built-in.o
 .text.get_version
                0x000144ac        0x8 common/built-in.o
                0x000144ac                get_version
 .text.jumptable_init
                0x000144b4      0x1d0 common/built-in.o
                0x000144b4                jumptable_init
 .text.hash_command
                0x00014684       0xb0 common/built-in.o
                0x00014684                hash_command
 .text.b_reset  0x00014734       0x1c common/built-in.o
 .text.static_get
                0x00014750       0x1c common/built-in.o
 .text.static_peek
                0x0001476c        0xc common/built-in.o
 .text.file_peek
                0x00014778        0xc common/built-in.o
 .text.mapset   0x00014784       0x24 common/built-in.o
 .text.syntax_err
                0x000147a8        0xc common/built-in.o
 .text.do_showvar
                0x000147b4       0xf4 common/built-in.o
 .text.xmalloc  0x000148a8       0x20 common/built-in.o
 .text.new_pipe
                0x000148c8       0x28 common/built-in.o
 .text.free_pipe_list
                0x000148f0       0xfc common/built-in.o
 .text.xrealloc
                0x000149ec       0x20 common/built-in.o
 .text.done_command
                0x00014a0c       0x8c common/built-in.o
 .text.done_pipe
                0x00014a98       0x48 common/built-in.o
 .text.done_word
                0x00014ae0      0x2f0 common/built-in.o
 .text.is_assignment
                0x00014dd0       0x54 common/built-in.o
 .text.file_get
                0x00014e24      0x1e8 common/built-in.o
 .text.b_addchr
                0x0001500c       0x80 common/built-in.o
 .text.b_addqchr
                0x0001508c       0x50 common/built-in.o
 .text.get_local_var
                0x000150dc       0x98 common/built-in.o
                0x000150dc                get_local_var
 .text.set_local_var
                0x00015174      0x1d0 common/built-in.o
                0x00015174                set_local_var
 .text.insert_var_value_sub
                0x00015344      0x2b0 common/built-in.o
 .text.parse_string_outer
                0x000155f4       0xf8 common/built-in.o
                0x000155f4                parse_string_outer
 .text.run_list_real
                0x000156ec      0x7ec common/built-in.o
 .text.parse_stream_outer
                0x00015ed8      0x6fc common/built-in.o
 .text.parse_file_outer
                0x000165d4       0x44 common/built-in.o
                0x000165d4                parse_file_outer
 .text.u_boot_hush_start
                0x00016618       0x54 common/built-in.o
                0x00016618                u_boot_hush_start
 .text.bootdelay_process
                0x0001666c       0x50 common/built-in.o
                0x0001666c                bootdelay_process
 .text.autoboot_command
                0x000166bc       0xd8 common/built-in.o
                0x000166bc                autoboot_command
 .text.print_cpuinfo
                0x00016794        0x8 common/built-in.o
 .text.display_text_info
                0x0001679c        0x8 common/built-in.o
 .text.setup_mon_len
                0x000167a4       0x20 common/built-in.o
 .text.reserve_round_4k
                0x000167c4       0x18 common/built-in.o
 .text.reserve_mmu
                0x000167dc       0x38 common/built-in.o
 .text.reserve_lcd
                0x00016814        0xc common/built-in.o
 .text.reserve_trace
                0x00016820        0x8 common/built-in.o
 .text.reserve_uboot
                0x00016828       0x30 common/built-in.o
 .text.reserve_malloc
                0x00016858       0x18 common/built-in.o
 .text.setup_machine
                0x00016870        0x8 common/built-in.o
 .text.reserve_global_data
                0x00016878       0x1c common/built-in.o
 .text.reserve_fdt
                0x00016894       0x4c common/built-in.o
 .text.display_new_sp
                0x000168e0        0x8 common/built-in.o
 .text.initf_console_record
                0x000168e8        0x8 common/built-in.o
 .text.reserve_arch
                0x000168f0        0x8 common/built-in.o
                0x000168f0                reserve_arch
 .text.arch_cpu_init_dm
                0x000168f8        0x8 common/built-in.o
                0x000168f8                arch_cpu_init_dm
 .text.announce_dram_init
                0x00016900       0x18 common/built-in.o
 .text.init_baud_rate
                0x00016918       0x2c common/built-in.o
 .text.mark_bootstage
                0x00016944       0x14 common/built-in.o
 .text.initf_dm
                0x00016958        0x8 common/built-in.o
 .text.setup_reloc
                0x00016960       0x34 common/built-in.o
 .text.reloc_fdt
                0x00016994       0x3c common/built-in.o
 .text.reserve_board
                0x000169d0       0x38 common/built-in.o
 .text.coloured_LED_init
                0x00016a08        0x4 common/built-in.o
                0x00016a08                coloured_LED_init
 .text.red_led_on
                0x00016a0c        0x4 common/built-in.o
                0x00016a0c                red_led_on
 .text.board_add_ram_info
                0x00016a10        0x4 common/built-in.o
                0x00016a10                board_add_ram_info
 .text.show_dram_config
                0x00016a14       0x38 common/built-in.o
 .text.dram_init_banksize
                0x00016a4c       0x20 common/built-in.o
                0x00016a4c                dram_init_banksize
 .text.setup_dram_config
                0x00016a6c       0x10 common/built-in.o
 .text.board_get_usable_ram_top
                0x00016a7c        0xc common/built-in.o
                0x00016a7c                board_get_usable_ram_top
 .text.board_reserve_ram_top
                0x00016a88        0x4 common/built-in.o
                0x00016a88                board_reserve_ram_top
 .text.setup_dest_addr
                0x00016a8c       0x50 common/built-in.o
 .text.reserve_stacks
                0x00016adc       0x1c common/built-in.o
 .text.board_init_f
                0x00016af8       0x28 common/built-in.o
                0x00016af8                board_init_f
 .text.bootstage_relocate
                0x00016b20        0x8 common/built-in.o
 .text.initr_trace
                0x00016b28        0x8 common/built-in.o
 .text.initr_reloc
                0x00016b30       0x18 common/built-in.o
 .text.initr_barrier
                0x00016b48        0x8 common/built-in.o
 .text.initr_console_record
                0x00016b50        0x8 common/built-in.o
 .text.power_init_board
                0x00016b58        0x8 common/built-in.o
                0x00016b58                power_init_board
 .text.initr_announce
                0x00016b60        0x8 common/built-in.o
 .text.run_main_loop
                0x00016b68        0xc common/built-in.o
 .text.initr_net
                0x00016b74       0x1c common/built-in.o
 .text.initr_ethaddr
                0x00016b90       0x20 common/built-in.o
 .text.initr_enable_interrupts
                0x00016bb0       0x10 common/built-in.o
 .text.initr_jumptable
                0x00016bc0       0x10 common/built-in.o
 .text.initr_env
                0x00016bd0       0x30 common/built-in.o
 .text.initr_mmc
                0x00016c00       0x20 common/built-in.o
 .text.initr_serial
                0x00016c20       0x10 common/built-in.o
 .text.initr_bootstage
                0x00016c30       0x14 common/built-in.o
 .text.initr_dm
                0x00016c44       0x14 common/built-in.o
 .text.initr_malloc
                0x00016c58       0x24 common/built-in.o
 .text.initr_reloc_global_data
                0x00016c7c       0x38 common/built-in.o
 .text.initr_caches
                0x00016cb4       0x10 common/built-in.o
 .text.cpu_secondary_init_r
                0x00016cc4        0x4 common/built-in.o
                0x00016cc4                cpu_secondary_init_r
 .text.initr_secondary_cpu
                0x00016cc8       0x10 common/built-in.o
 .text.board_init_r
                0x00016cd8       0x14 common/built-in.o
                0x00016cd8                board_init_r
 .text.bootm_find_images
                0x00016cec       0xa8 common/built-in.o
                0x00016cec                bootm_find_images
 .text.bootm_decomp_image
                0x00016d94      0x154 common/built-in.o
                0x00016d94                bootm_decomp_image
 .text.bootm_disable_interrupts
                0x00016ee8       0x18 common/built-in.o
                0x00016ee8                bootm_disable_interrupts
 .text.do_bootm_states
                0x00016f00      0x76c common/built-in.o
                0x00016f00                do_bootm_states
 .text.copy_args
                0x0001766c       0x4c common/built-in.o
 .text.do_bootm_rtems
                0x000176b8       0x40 common/built-in.o
 .text.do_bootm_plan9
                0x000176f8       0xa4 common/built-in.o
 .text.do_bootm_standalone
                0x0001779c       0x64 common/built-in.o
 .text.do_bootm_qnxelf
                0x00017800       0x5c common/built-in.o
 .text.do_bootm_netbsd
                0x0001785c       0xf8 common/built-in.o
 .text.do_bootvx_fdt
                0x00017954      0x114 common/built-in.o
                0x00017954                do_bootvx_fdt
 .text.do_bootm_vxworks
                0x00017a68       0x24 common/built-in.o
 .text.arch_preboot_os
                0x00017a8c        0x4 common/built-in.o
                0x00017a8c                arch_preboot_os
 .text.boot_selected_os
                0x00017a90       0x5c common/built-in.o
                0x00017a90                boot_selected_os
 .text.bootm_os_get_boot_func
                0x00017aec       0x10 common/built-in.o
                0x00017aec                bootm_os_get_boot_func
 .text.regex_callback
                0x00017afc      0x138 common/built-in.o
 .text.env_attr_walk
                0x00017c34      0x128 common/built-in.o
                0x00017c34                env_attr_walk
 .text.env_attr_lookup
                0x00017d5c       0x84 common/built-in.o
                0x00017d5c                env_attr_lookup
 .text.clear_callback
                0x00017de0       0x10 common/built-in.o
 .text.on_callbacks
                0x00017df0       0x50 common/built-in.o
 .text.set_callback
                0x00017e40       0xdc common/built-in.o
 .text.env_callback_init
                0x00017f1c      0x114 common/built-in.o
                0x00017f1c                env_callback_init
 .text.skip_num
                0x00018030       0x80 common/built-in.o
 .text.clear_flags
                0x000180b0       0x10 common/built-in.o
 .text.on_flags
                0x000180c0       0x50 common/built-in.o
 .text.env_flags_parse_vartype
                0x00018110       0x50 common/built-in.o
                0x00018110                env_flags_parse_vartype
 .text.env_flags_parse_varaccess
                0x00018160       0x58 common/built-in.o
                0x00018160                env_flags_parse_varaccess
 .text.set_flags
                0x000181b8       0xb0 common/built-in.o
 .text.eth_validate_ethaddr_str
                0x00018268       0x90 common/built-in.o
                0x00018268                eth_validate_ethaddr_str
 .text.env_flags_init
                0x000182f8       0xd4 common/built-in.o
                0x000182f8                env_flags_init
 .text.env_flags_validate
                0x000183cc      0x294 common/built-in.o
                0x000183cc                env_flags_validate
 .text.env_init
                0x00018660       0x1c common/built-in.o
                0x00018660                env_init
 .text.saveenv  0x0001867c      0x118 common/built-in.o
                0x0001867c                saveenv
 .text.env_relocate_spec
                0x00018794       0xf4 common/built-in.o
                0x00018794                env_relocate_spec
 .text.of_bus_default_count_cells
                0x00018888       0x58 common/built-in.o
                0x00018888                of_bus_default_count_cells
 .text.fdt_find_and_setprop
                0x000188e0       0x70 common/built-in.o
                0x000188e0                fdt_find_and_setprop
 .text.fdt_find_or_add_subnode
                0x00018950       0x68 common/built-in.o
                0x00018950                fdt_find_or_add_subnode
 .text.fdt_root
                0x000189b8       0x8c common/built-in.o
                0x000189b8                fdt_root
 .text.fdt_initrd
                0x00018a44      0x274 common/built-in.o
                0x00018a44                fdt_initrd
 .text.fdt_chosen
                0x00018cb8       0xa4 common/built-in.o
                0x00018cb8                fdt_chosen
 .text.do_fixup_by_path
                0x00018d5c       0x54 common/built-in.o
                0x00018d5c                do_fixup_by_path
 .text.fdt_fixup_memory_banks
                0x00018db0      0x19c common/built-in.o
                0x00018db0                fdt_fixup_memory_banks
 .text.fdt_fixup_memory
                0x00018f4c       0x20 common/built-in.o
                0x00018f4c                fdt_fixup_memory
 .text.fdt_fixup_ethernet
                0x00018f6c      0x190 common/built-in.o
                0x00018f6c                fdt_fixup_ethernet
 .text.fdt_shrink_to_minimum
                0x000190fc       0xd4 common/built-in.o
                0x000190fc                fdt_shrink_to_minimum
 .text.fdt_setup_simplefb_node
                0x000191d0      0x20c common/built-in.o
                0x000191d0                fdt_setup_simplefb_node
 .text.miiphy_get_dev_by_name
                0x000193dc       0x5c common/built-in.o
                0x000193dc                miiphy_get_dev_by_name
 .text.miiphy_init
                0x00019438       0x24 common/built-in.o
                0x00019438                miiphy_init
 .text.miiphy_set_current_dev
                0x0001945c       0x40 common/built-in.o
                0x0001945c                miiphy_set_current_dev
 .text.miiphy_get_active_dev
                0x0001949c       0x54 common/built-in.o
 .text.miiphy_get_current_dev
                0x000194f0       0x18 common/built-in.o
                0x000194f0                miiphy_get_current_dev
 .text.miiphy_read
                0x00019508       0x4c common/built-in.o
                0x00019508                miiphy_read
 .text.miiphy_write
                0x00019554       0x40 common/built-in.o
                0x00019554                miiphy_write
 .text.miiphy_listdev
                0x00019594       0x74 common/built-in.o
                0x00019594                miiphy_listdev
 .text.miiphy_info
                0x00019608       0x84 common/built-in.o
                0x00019608                miiphy_info
 .text.miiphy_speed
                0x0001968c       0x90 common/built-in.o
                0x0001968c                miiphy_speed
 .text.miiphy_duplex
                0x0001971c       0x90 common/built-in.o
                0x0001971c                miiphy_duplex
 .text.miiphy_is_1000base_x
                0x000197ac        0x8 common/built-in.o
                0x000197ac                miiphy_is_1000base_x
 .text.usb_set_maxpacket_ep
                0x000197b4       0x68 common/built-in.o
 .text.usb_stop
                0x0001981c       0x5c common/built-in.o
                0x0001981c                usb_stop
 .text.usb_disable_asynch
                0x00019878       0x20 common/built-in.o
                0x00019878                usb_disable_asynch
 .text.usb_submit_int_msg
                0x00019898        0x4 common/built-in.o
                0x00019898                usb_submit_int_msg
 .text.usb_control_msg
                0x0001989c       0xcc common/built-in.o
                0x0001989c                usb_control_msg
 .text.usb_get_descriptor
                0x00019968       0x50 common/built-in.o
 .text.get_descriptor_len
                0x000199b8       0x90 common/built-in.o
 .text.usb_get_string
                0x00019a48       0x6c common/built-in.o
 .text.usb_string_sub
                0x00019ab4      0x10c common/built-in.o
 .text.usb_bulk_msg
                0x00019bc0       0x7c common/built-in.o
                0x00019bc0                usb_bulk_msg
 .text.usb_maxpacket
                0x00019c3c       0x1c common/built-in.o
                0x00019c3c                usb_maxpacket
 .text.usb_clear_halt
                0x00019c58       0xa0 common/built-in.o
                0x00019c58                usb_clear_halt
 .text.usb_get_configuration_len
                0x00019cf8       0x78 common/built-in.o
                0x00019cf8                usb_get_configuration_len
 .text.usb_get_configuration_no
                0x00019d70       0x30 common/built-in.o
                0x00019d70                usb_get_configuration_no
 .text.usb_set_interface
                0x00019da0       0xbc common/built-in.o
                0x00019da0                usb_set_interface
 .text.usb_set_protocol
                0x00019e5c       0x4c common/built-in.o
                0x00019e5c                usb_set_protocol
 .text.usb_set_idle
                0x00019ea8       0x50 common/built-in.o
                0x00019ea8                usb_set_idle
 .text.usb_string
                0x00019ef8      0x10c common/built-in.o
                0x00019ef8                usb_string
 .text.usb_get_dev_index
                0x0001a004       0x24 common/built-in.o
                0x0001a004                usb_get_dev_index
 .text.usb_alloc_new_device
                0x0001a028       0x94 common/built-in.o
                0x0001a028                usb_alloc_new_device
 .text.usb_free_device
                0x0001a0bc       0x48 common/built-in.o
                0x0001a0bc                usb_free_device
 .text.usb_alloc_device
                0x0001a104        0x8 common/built-in.o
                0x0001a104                usb_alloc_device
 .text.usb_select_config
                0x0001a10c      0x478 common/built-in.o
                0x0001a10c                usb_select_config
 .text.usb_setup_device
                0x0001a584      0x17c common/built-in.o
                0x0001a584                usb_setup_device
 .text.usb_new_device
                0x0001a700       0x30 common/built-in.o
                0x0001a700                usb_new_device
 .text.usb_init
                0x0001a730      0x150 common/built-in.o
                0x0001a730                usb_init
 .text.board_usb_init
                0x0001a880        0x8 common/built-in.o
                0x0001a880                board_usb_init
 .text.usb_device_has_child_on_port
                0x0001a888       0x14 common/built-in.o
                0x0001a888                usb_device_has_child_on_port
 .text.usb_find_usb2_hub_address_port
                0x0001a89c       0x5c common/built-in.o
                0x0001a89c                usb_find_usb2_hub_address_port
 .text.usb_get_hub_descriptor
                0x0001a8f8       0x4c common/built-in.o
 .text.usb_set_port_feature
                0x0001a944       0x4c common/built-in.o
 .text.usb_clear_port_feature
                0x0001a990       0x4c common/built-in.o
 .text.usb_hub_reset_devices
                0x0001a9dc        0x4 common/built-in.o
                0x0001a9dc                usb_hub_reset_devices
 .text.usb_get_port_status
                0x0001a9e0       0x4c common/built-in.o
                0x0001a9e0                usb_get_port_status
 .text.usb_hub_reset
                0x0001aa2c       0x20 common/built-in.o
                0x0001aa2c                usb_hub_reset
 .text.legacy_hub_port_reset
                0x0001aa4c       0x9c common/built-in.o
                0x0001aa4c                legacy_hub_port_reset
 .text.usb_hub_port_connect_change
                0x0001aae8      0x160 common/built-in.o
                0x0001aae8                usb_hub_port_connect_change
 .text.usb_hub_configure
                0x0001ac48      0x4ac common/built-in.o
 .text.usb_hub_probe
                0x0001b0f4       0x58 common/built-in.o
                0x0001b0f4                usb_hub_probe
 .text.usb_stor_irq
                0x0001b14c       0x1c common/built-in.o
 .text.usb_stor_BBB_clear_endpt_stall
                0x0001b168       0x44 common/built-in.o
 .text.usb_stor_BBB_reset
                0x0001b1ac       0xd0 common/built-in.o
 .text.usb_stor_CB_reset
                0x0001b27c       0xcc common/built-in.o
 .text.usb_stor_BBB_transport
                0x0001b348      0x260 common/built-in.o
 .text.usb_stor_CB_comdat
                0x0001b5a8      0x1f0 common/built-in.o
 .text.usb_stor_CBI_get_status.isra.0
                0x0001b798       0xc8 common/built-in.o
 .text.usb_stor_CB_transport
                0x0001b860      0x224 common/built-in.o
 .text.usb_request_sense.constprop.7
                0x0001ba84       0x70 common/built-in.o
 .text.usb_stor_read
                0x0001baf4      0x174 common/built-in.o
 .text.usb_stor_write
                0x0001bc68      0x174 common/built-in.o
 .text.usb_stor_get_dev
                0x0001bddc       0x28 common/built-in.o
                0x0001bddc                usb_stor_get_dev
 .text.usb_stor_info
                0x0001be04       0x78 common/built-in.o
                0x0001be04                usb_stor_info
 .text.usb_storage_probe
                0x0001be7c      0x20c common/built-in.o
                0x0001be7c                usb_storage_probe
 .text.usb_stor_get_info
                0x0001c088      0x328 common/built-in.o
                0x0001c088                usb_stor_get_info
 .text.usb_stor_scan
                0x0001c3b0      0x20c common/built-in.o
                0x0001c3b0                usb_stor_scan
 .text.iomux_doenv
                0x0001c5bc      0x1d0 common/built-in.o
                0x0001c5bc                iomux_doenv
 .text.lcd_stub_puts
                0x0001c78c        0x8 common/built-in.o
 .text.lcd_stub_putc
                0x0001c794        0x8 common/built-in.o
 .text.lcd_set_flush_dcache
                0x0001c79c       0x18 common/built-in.o
                0x0001c79c                lcd_set_flush_dcache
 .text.lcd_sync
                0x0001c7b4       0x3c common/built-in.o
                0x0001c7b4                lcd_sync
 .text.lcd_clear
                0x0001c7f0       0xa8 common/built-in.o
                0x0001c7f0                lcd_clear
 .text.do_lcd_clear
                0x0001c898       0x10 common/built-in.o
 .text.drv_lcd_init
                0x0001c8a8       0xc4 common/built-in.o
                0x0001c8a8                drv_lcd_init
 .text.lcd_getfgcolor
                0x0001c96c       0x10 common/built-in.o
                0x0001c96c                lcd_getfgcolor
 .text.lcd_getbgcolor
                0x0001c97c       0x10 common/built-in.o
                0x0001c97c                lcd_getbgcolor
 .text.lcd_get_pixel_width
                0x0001c98c       0x10 common/built-in.o
                0x0001c98c                lcd_get_pixel_width
 .text.lcd_get_pixel_height
                0x0001c99c       0x10 common/built-in.o
                0x0001c99c                lcd_get_pixel_height
 .text.console_setrow0
                0x0001c9ac       0x28 common/built-in.o
 .text.console_moverow0
                0x0001c9d4       0x34 common/built-in.o
 .text.lcd_putc_xy0
                0x0001ca08       0x8c common/built-in.o
 .text.lcd_set_col
                0x0001ca94       0x10 common/built-in.o
                0x0001ca94                lcd_set_col
 .text.lcd_set_row
                0x0001caa4       0x10 common/built-in.o
                0x0001caa4                lcd_set_row
 .text.lcd_position_cursor
                0x0001cab4       0x48 common/built-in.o
                0x0001cab4                lcd_position_cursor
 .text.do_lcd_setcursor
                0x0001cafc       0x50 common/built-in.o
 .text.lcd_init_console_rot
                0x0001cb4c        0x4 common/built-in.o
                0x0001cb4c                lcd_init_console_rot
 .text.lcd_init_console
                0x0001cb50       0x7c common/built-in.o
                0x0001cb50                lcd_init_console
 .text.lcd_putc
                0x0001cbcc      0x318 common/built-in.o
                0x0001cbcc                lcd_putc
 .text.lcd_puts
                0x0001cee4       0x40 common/built-in.o
                0x0001cee4                lcd_puts
 .text.do_lcd_puts
                0x0001cf24       0x24 common/built-in.o
 .text.lcd_dt_simplefb_configure_node
                0x0001cf48       0x50 common/built-in.o
 .text.lcd_dt_simplefb_add_node
                0x0001cf98       0x98 common/built-in.o
                0x0001cf98                lcd_dt_simplefb_add_node
 .text.menu_display_statusline
                0x0001d030        0x4 common/built-in.o
                0x0001d030                menu_display_statusline
 .text.menu_default_set
                0x0001d034       0x88 common/built-in.o
                0x0001d034                menu_default_set
 .text.menu_get_choice
                0x0001d0bc      0x1ec common/built-in.o
                0x0001d0bc                menu_get_choice
 .text.menu_item_add
                0x0001d2a8       0xe4 common/built-in.o
                0x0001d2a8                menu_item_add
 .text.menu_create
                0x0001d38c       0x90 common/built-in.o
                0x0001d38c                menu_create
 .text.menu_destroy
                0x0001d41c       0x70 common/built-in.o
                0x0001d41c                menu_destroy
 .text.usb_kbd_translate.part.0
                0x0001d48c      0x130 common/built-in.o
 .text.usb_kbd_irq_worker
                0x0001d5bc      0x1a8 common/built-in.o
 .text.usb_kbd_getc
                0x0001d764       0x74 common/built-in.o
 .text.usb_kbd_irq
                0x0001d7d8       0x24 common/built-in.o
 .text.usb_kbd_testc
                0x0001d7fc       0x94 common/built-in.o
 .text.drv_usb_kbd_init
                0x0001d890      0x234 common/built-in.o
                0x0001d890                drv_usb_kbd_init
 .text.usb_kbd_deregister
                0x0001dac4       0x7c common/built-in.o
                0x0001dac4                usb_kbd_deregister
 .text.env_get_char_spec
                0x0001db40        0xc common/built-in.o
                0x0001db40                env_get_char_spec
 .text.env_get_addr
                0x0001db4c       0x20 common/built-in.o
                0x0001db4c                env_get_addr
 .text.env_get_char_memory
                0x0001db6c       0x10 common/built-in.o
                0x0001db6c                env_get_char_memory
 .text.env_get_char
                0x0001db7c       0x30 common/built-in.o
                0x0001db7c                env_get_char
 .text.getenv_yesno
                0x0001dbac       0x50 common/built-in.o
                0x0001dbac                getenv_yesno
 .text.getenv_default
                0x0001dbfc       0x30 common/built-in.o
                0x0001dbfc                getenv_default
 .text.set_default_env
                0x0001dc2c       0xbc common/built-in.o
                0x0001dc2c                set_default_env
 .text.set_default_vars
                0x0001dce8       0x3c common/built-in.o
                0x0001dce8                set_default_vars
 .text.env_import
                0x0001dd24       0xdc common/built-in.o
                0x0001dd24                env_import
 .text.env_export
                0x0001de00       0xa0 common/built-in.o
                0x0001de00                env_export
 .text.env_relocate
                0x0001dea0       0x30 common/built-in.o
                0x0001dea0                env_relocate
 .text.env_complete
                0x0001ded0       0xd4 common/built-in.o
                0x0001ded0                env_complete
 .text.console_tstc
                0x0001dfa4       0x90 common/built-in.o
 .text.console_putc
                0x0001e034       0x54 common/built-in.o
 .text.console_puts
                0x0001e088       0x54 common/built-in.o
 .text.on_console
                0x0001e0dc       0xc8 common/built-in.o
 .text.serial_printf
                0x0001e1a4       0x48 common/built-in.o
                0x0001e1a4                serial_printf
 .text.puts     0x0001e1ec       0x28 common/built-in.o
                0x0001e1ec                puts
 .text.tstc     0x0001e214       0x24 common/built-in.o
                0x0001e214                tstc
 .text.putc     0x0001e238       0x28 common/built-in.o
                0x0001e238                putc
 .text.fgetc    0x0001e260       0x54 common/built-in.o
                0x0001e260                fgetc
 .text.getc     0x0001e2b4       0x24 common/built-in.o
                0x0001e2b4                getc
 .text.ctrlc    0x0001e2d8       0x58 common/built-in.o
                0x0001e2d8                ctrlc
 .text.had_ctrlc
                0x0001e330       0x10 common/built-in.o
                0x0001e330                had_ctrlc
 .text.clear_ctrlc
                0x0001e340       0x14 common/built-in.o
                0x0001e340                clear_ctrlc
 .text.search_device
                0x0001e354       0x30 common/built-in.o
                0x0001e354                search_device
 .text.console_assign
                0x0001e384       0xdc common/built-in.o
                0x0001e384                console_assign
 .text.console_init_f
                0x0001e460       0x10 common/built-in.o
                0x0001e460                console_init_f
 .text.stdio_print_current_devices
                0x0001e470       0xb8 common/built-in.o
                0x0001e470                stdio_print_current_devices
 .text.console_init_r
                0x0001e528      0x18c common/built-in.o
                0x0001e528                console_init_r
 .text.sbrk     0x0001e6b4       0x70 common/built-in.o
                0x0001e6b4                sbrk
 .text.mem_malloc_init
                0x0001e724       0x34 common/built-in.o
                0x0001e724                mem_malloc_init
 .text.malloc_trim
                0x0001e758       0xcc common/built-in.o
                0x0001e758                malloc_trim
 .text.free     0x0001e824      0x24c common/built-in.o
                0x0001e824                free
 .text.malloc   0x0001ea70      0x620 common/built-in.o
                0x0001ea70                malloc
 .text.calloc   0x0001f090      0x13c common/built-in.o
                0x0001f090                calloc
 .text.memalign
                0x0001f1cc      0x148 common/built-in.o
                0x0001f1cc                memalign
 .text.realloc  0x0001f314      0x42c common/built-in.o
                0x0001f314                realloc
 .text.initf_malloc
                0x0001f740       0x18 common/built-in.o
                0x0001f740                initf_malloc
 .text.malloc_simple
                0x0001f758       0x30 common/built-in.o
                0x0001f758                malloc_simple
 .text.on_loadaddr
                0x0001f788       0x38 common/built-in.o
 .text.image_check_hcrc
                0x0001f7c0       0x4c common/built-in.o
                0x0001f7c0                image_check_hcrc
 .text.image_check_dcrc
                0x0001f80c       0x38 common/built-in.o
                0x0001f80c                image_check_dcrc
 .text.image_multi_count
                0x0001f844       0x20 common/built-in.o
                0x0001f844                image_multi_count
 .text.image_multi_getimg
                0x0001f864       0x80 common/built-in.o
                0x0001f864                image_multi_getimg
 .text.getenv_bootm_low
                0x0001f8e4       0x28 common/built-in.o
                0x0001f8e4                getenv_bootm_low
 .text.getenv_bootm_size
                0x0001f90c       0x6c common/built-in.o
                0x0001f90c                getenv_bootm_size
 .text.getenv_bootm_mapsize
                0x0001f978       0x30 common/built-in.o
                0x0001f978                getenv_bootm_mapsize
 .text.memmove_wd
                0x0001f9a8        0xc common/built-in.o
                0x0001f9a8                memmove_wd
 .text.genimg_print_size
                0x0001f9b4       0x30 common/built-in.o
                0x0001f9b4                genimg_print_size
 .text.get_table_entry
                0x0001f9e4       0x24 common/built-in.o
                0x0001f9e4                get_table_entry
 .text.get_table_entry_name
                0x0001fa08       0x20 common/built-in.o
                0x0001fa08                get_table_entry_name
 .text.genimg_get_os_name
                0x0001fa28       0x18 common/built-in.o
                0x0001fa28                genimg_get_os_name
 .text.genimg_get_arch_name
                0x0001fa40       0x18 common/built-in.o
                0x0001fa40                genimg_get_arch_name
 .text.genimg_get_type_name
                0x0001fa58       0x18 common/built-in.o
                0x0001fa58                genimg_get_type_name
 .text.genimg_get_comp_name
                0x0001fa70       0x18 common/built-in.o
                0x0001fa70                genimg_get_comp_name
 .text.image_print_contents
                0x0001fa88      0x170 common/built-in.o
                0x0001fa88                image_print_contents
 .text.genimg_get_kernel_addr_fit
                0x0001fbf8       0x24 common/built-in.o
                0x0001fbf8                genimg_get_kernel_addr_fit
 .text.genimg_get_kernel_addr
                0x0001fc1c       0x20 common/built-in.o
                0x0001fc1c                genimg_get_kernel_addr
 .text.genimg_get_format
                0x0001fc3c       0x38 common/built-in.o
                0x0001fc3c                genimg_get_format
 .text.genimg_get_image
                0x0001fc74        0x4 common/built-in.o
                0x0001fc74                genimg_get_image
 .text.genimg_has_config
                0x0001fc78        0x8 common/built-in.o
                0x0001fc78                genimg_has_config
 .text.boot_get_ramdisk
                0x0001fc80      0x270 common/built-in.o
                0x0001fc80                boot_get_ramdisk
 .text.boot_ramdisk_high
                0x0001fef0      0x134 common/built-in.o
                0x0001fef0                boot_ramdisk_high
 .text.boot_get_setup
                0x00020024        0x8 common/built-in.o
                0x00020024                boot_get_setup
 .text.image_setup_linux
                0x0002002c       0x88 common/built-in.o
                0x0002002c                image_setup_linux
 .text.fdt_error
                0x000200b4       0x2c common/built-in.o
 .text.boot_fdt_add_mem_rsv_regions
                0x000200e0       0x88 common/built-in.o
                0x000200e0                boot_fdt_add_mem_rsv_regions
 .text.boot_relocate_fdt
                0x00020168      0x194 common/built-in.o
                0x00020168                boot_relocate_fdt
 .text.boot_get_fdt
                0x000202fc      0x2b8 common/built-in.o
                0x000202fc                boot_get_fdt
 .text.ft_verify_fdt
                0x000205b4        0x8 common/built-in.o
                0x000205b4                ft_verify_fdt
 .text.image_setup_libfdt
                0x000205bc      0x13c common/built-in.o
                0x000205bc                image_setup_libfdt
 .text.get_effective_memsize
                0x000206f8        0x8 common/built-in.o
                0x000206f8                get_effective_memsize
 .text.nulldev_putc
                0x00020700        0x4 common/built-in.o
 .text.nulldev_puts
                0x00020704        0x4 common/built-in.o
 .text.nulldev_input
                0x00020708        0x8 common/built-in.o
 .text.stdio_serial_tstc
                0x00020710        0x4 common/built-in.o
 .text.stdio_serial_getc
                0x00020714        0x4 common/built-in.o
 .text.stdio_serial_puts
                0x00020718        0x8 common/built-in.o
 .text.stdio_serial_putc
                0x00020720        0x8 common/built-in.o
 .text.stdio_get_list
                0x00020728        0xc common/built-in.o
                0x00020728                stdio_get_list
 .text.stdio_get_by_name
                0x00020734       0x50 common/built-in.o
                0x00020734                stdio_get_by_name
 .text.stdio_clone
                0x00020784       0x3c common/built-in.o
                0x00020784                stdio_clone
 .text.stdio_register_dev
                0x000207c0       0x50 common/built-in.o
                0x000207c0                stdio_register_dev
 .text.stdio_register
                0x00020810        0x8 common/built-in.o
                0x00020810                stdio_register
 .text.stdio_deregister_dev
                0x00020818       0xf8 common/built-in.o
                0x00020818                stdio_deregister_dev
 .text.stdio_init_tables
                0x00020910       0x1c common/built-in.o
                0x00020910                stdio_init_tables
 .text.stdio_add_devices
                0x0002092c       0xd4 common/built-in.o
                0x0002092c                stdio_add_devices
 .text.cli_simple_process_macros
                0x00020a00      0x218 common/built-in.o
                0x00020a00                cli_simple_process_macros
 .text.run_command
                0x00020c18       0x10 common/built-in.o
                0x00020c18                run_command
 .text.run_command_list
                0x00020c28       0x84 common/built-in.o
                0x00020c28                run_command_list
 .text.do_run   0x00020cac       0x78 common/built-in.o
                0x00020cac                do_run
 .text.cli_loop
                0x00020d24        0xc common/built-in.o
                0x00020d24                cli_loop
 .text.cli_init
                0x00020d30        0x4 common/built-in.o
                0x00020d30                cli_init
 .text.delete_char.part.0
                0x00020d34       0xd4 common/built-in.o
 .text.cread_add_char
                0x00020e08       0xec common/built-in.o
 .text.cli_readline_into_buffer
                0x00020ef4      0x9cc common/built-in.o
                0x00020ef4                cli_readline_into_buffer
 .text.cli_readline
                0x000218c0       0x14 common/built-in.o
                0x000218c0                cli_readline
 .text.find_cmd_tbl
                0x000218d4       0xa4 common/built-in.o
                0x000218d4                find_cmd_tbl
 .text.find_cmd
                0x00021978       0x28 common/built-in.o
                0x00021978                find_cmd
 .text.cmd_usage
                0x000219a0       0x5c common/built-in.o
                0x000219a0                cmd_usage
 .text._do_help
                0x000219fc      0x184 common/built-in.o
                0x000219fc                _do_help
 .text.var_complete
                0x00021b80       0x88 common/built-in.o
                0x00021b80                var_complete
 .text.cmd_auto_complete
                0x00021c08      0x4c4 common/built-in.o
                0x00021c08                cmd_auto_complete
 .text.cmd_get_data_size
                0x000220cc       0x50 common/built-in.o
                0x000220cc                cmd_get_data_size
 .text.cmd_process
                0x0002211c       0xec common/built-in.o
                0x0002211c                cmd_process
 .text.cmd_process_error
                0x00022208       0x30 common/built-in.o
                0x00022208                cmd_process_error
 .text.hex1_bin
                0x00022238       0x40 common/built-in.o
 .text.hex2_bin
                0x00022278       0x38 common/built-in.o
 .text.srec_decode
                0x000222b0      0x25c common/built-in.o
                0x000222b0                srec_decode
 .text.CYGACC_COMM_IF_GETC_TIMEOUT.isra.1
                0x0002250c       0x4c common/built-in.o
 .text.xyzModem_flush
                0x00022558       0x18 common/built-in.o
 .text.xyzModem_get_hdr
                0x00022570      0x254 common/built-in.o
 .text.xyzModem_stream_open
                0x000227c4      0x254 common/built-in.o
                0x000227c4                xyzModem_stream_open
 .text.xyzModem_stream_read
                0x00022a18      0x254 common/built-in.o
                0x00022a18                xyzModem_stream_read
 .text.xyzModem_stream_close
                0x00022c6c       0x50 common/built-in.o
                0x00022c6c                xyzModem_stream_close
 .text.xyzModem_stream_terminate
                0x00022cbc       0x94 common/built-in.o
                0x00022cbc                xyzModem_stream_terminate
 .text.xyzModem_error
                0x00022d50       0x20 common/built-in.o
                0x00022d50                xyzModem_error
 .text.get_dev_hwpart
                0x00022d70       0xac disk/built-in.o
 .text.blk_get_dev
                0x00022e1c        0x8 disk/built-in.o
                0x00022e1c                blk_get_dev
 .text.dev_print
                0x00022e24      0x21c disk/built-in.o
                0x00022e24                dev_print
 .text.part_init
                0x00023040       0x60 disk/built-in.o
                0x00023040                part_init
 .text.part_print
                0x000230a0      0x140 disk/built-in.o
                0x000230a0                part_print
 .text.part_get_info
                0x000231e0       0x84 disk/built-in.o
                0x000231e0                part_get_info
 .text.blk_get_device_by_str
                0x00023264      0x128 disk/built-in.o
                0x00023264                blk_get_device_by_str
 .text.blk_get_device_part_str
                0x0002338c      0x3fc disk/built-in.o
                0x0002338c                blk_get_device_part_str
 .text.test_block_type
                0x00023788       0x7c disk/built-in.o
 .text.part_test_dos
                0x00023804       0x60 disk/built-in.o
 .text.print_partition_extended
                0x00023864      0x264 disk/built-in.o
 .text.part_print_dos
                0x00023ac8       0x30 disk/built-in.o
                0x00023ac8                part_print_dos
 .text.part_get_info_extended
                0x00023af8      0x33c disk/built-in.o
 .text.part_get_info_dos
                0x00023e34       0x24 disk/built-in.o
                0x00023e34                part_get_info_dos
 .text.iso_dread
                0x00023e58       0x34 disk/built-in.o
                0x00023e58                iso_dread
 .text.part_get_info_iso_verb
                0x00023e8c      0x420 disk/built-in.o
                0x00023e8c                part_get_info_iso_verb
 .text.part_test_iso
                0x000242ac       0x20 disk/built-in.o
 .text.part_print_iso
                0x000242cc       0x98 disk/built-in.o
 .text.part_get_info_iso
                0x00024364        0x8 disk/built-in.o
 .text.print_efiname
                0x0002436c       0x58 disk/built-in.o
 .text.part_test_efi
                0x000243c4       0xd8 disk/built-in.o
 .text.validate_gpt_entries
                0x0002449c       0x98 disk/built-in.o
 .text.validate_gpt_header
                0x00024534      0x228 disk/built-in.o
 .text.is_gpt_valid
                0x0002475c      0x1c4 disk/built-in.o
 .text.is_pte_valid
                0x00024920       0x58 disk/built-in.o
 .text.part_get_info_efi
                0x00024978      0x1fc disk/built-in.o
                0x00024978                part_get_info_efi
 .text.part_print_efi
                0x00024b74      0x27c disk/built-in.o
                0x00024b74                part_print_efi
 .text.alloc_priv
                0x00024df0       0x4c drivers/built-in.o
 .text.device_bind
                0x00024e3c      0x330 drivers/built-in.o
                0x00024e3c                device_bind
 .text.device_bind_by_name
                0x0002516c       0x60 drivers/built-in.o
                0x0002516c                device_bind_by_name
 .text.device_probe
                0x000251cc      0x23c drivers/built-in.o
                0x000251cc                device_probe
 .text.dev_get_platdata
                0x00025408       0x30 drivers/built-in.o
                0x00025408                dev_get_platdata
 .text.dev_get_priv
                0x00025438       0x30 drivers/built-in.o
                0x00025438                dev_get_priv
 .text.dev_get_uclass_priv
                0x00025468       0x30 drivers/built-in.o
                0x00025468                dev_get_uclass_priv
 .text.lists_driver_lookup_name
                0x00025498       0x54 drivers/built-in.o
                0x00025498                lists_driver_lookup_name
 .text.lists_uclass_lookup
                0x000254ec       0x48 drivers/built-in.o
                0x000254ec                lists_uclass_lookup
 .text.lists_bind_drivers
                0x00025534       0x90 drivers/built-in.o
                0x00025534                lists_bind_drivers
 .text.dm_root  0x000255c4       0x2c drivers/built-in.o
                0x000255c4                dm_root
 .text.dm_init  0x000255f0       0x58 drivers/built-in.o
                0x000255f0                dm_init
 .text.dm_scan_platdata
                0x00025648       0x2c drivers/built-in.o
                0x00025648                dm_scan_platdata
 .text.dm_scan_other
                0x00025674        0x8 drivers/built-in.o
                0x00025674                dm_scan_other
 .text.dm_init_and_scan
                0x0002567c       0x30 drivers/built-in.o
                0x0002567c                dm_init_and_scan
 .text.uclass_find
                0x000256ac       0x50 drivers/built-in.o
                0x000256ac                uclass_find
 .text.uclass_get
                0x000256fc      0x128 drivers/built-in.o
                0x000256fc                uclass_get
 .text.uclass_find_device
                0x00025824       0x70 drivers/built-in.o
                0x00025824                uclass_find_device
 .text.uclass_find_first_device
                0x00025894       0x38 drivers/built-in.o
                0x00025894                uclass_find_first_device
 .text.uclass_find_next_device
                0x000258cc       0x2c drivers/built-in.o
                0x000258cc                uclass_find_next_device
 .text.uclass_find_device_by_seq
                0x000258f8       0x78 drivers/built-in.o
                0x000258f8                uclass_find_device_by_seq
 .text.uclass_get_device_tail
                0x00025970       0x28 drivers/built-in.o
                0x00025970                uclass_get_device_tail
 .text.uclass_get_device
                0x00025998       0x2c drivers/built-in.o
                0x00025998                uclass_get_device
 .text.uclass_get_device_by_seq
                0x000259c4       0x54 drivers/built-in.o
                0x000259c4                uclass_get_device_by_seq
 .text.uclass_first_device
                0x00025a18       0x34 drivers/built-in.o
                0x00025a18                uclass_first_device
 .text.uclass_next_device
                0x00025a4c       0x3c drivers/built-in.o
                0x00025a4c                uclass_next_device
 .text.uclass_bind_device
                0x00025a88       0x7c drivers/built-in.o
                0x00025a88                uclass_bind_device
 .text.uclass_unbind_device
                0x00025b04       0x4c drivers/built-in.o
                0x00025b04                uclass_unbind_device
 .text.uclass_resolve_seq
                0x00025b50       0xac drivers/built-in.o
                0x00025b50                uclass_resolve_seq
 .text.uclass_pre_probe_device
                0x00025bfc       0x64 drivers/built-in.o
                0x00025bfc                uclass_pre_probe_device
 .text.uclass_post_probe_device
                0x00025c60       0x28 drivers/built-in.o
                0x00025c60                uclass_post_probe_device
 .text.uclass_pre_remove_device
                0x00025c88       0x28 drivers/built-in.o
                0x00025c88                uclass_pre_remove_device
 .text.dm_warn  0x00025cb0       0x24 drivers/built-in.o
                0x00025cb0                dm_warn
 .text.device_free
                0x00025cd4       0x90 drivers/built-in.o
                0x00025cd4                device_free
 .text.device_remove
                0x00025d64      0x144 drivers/built-in.o
                0x00025d64                device_remove
 .text.show_devices
                0x00025ea8       0xfc drivers/built-in.o
 .text.dm_dump_all
                0x00025fa4       0x3c drivers/built-in.o
                0x00025fa4                dm_dump_all
 .text.dm_dump_uclass
                0x00025fe0       0xd8 drivers/built-in.o
                0x00025fe0                dm_dump_uclass
 .text.lcd_ctrl_init
                0x000260b8      0x224 drivers/built-in.o
                0x000260b8                lcd_ctrl_init
 .text.lcd_enable
                0x000262dc        0x4 drivers/built-in.o
                0x000262dc                lcd_enable
 .text.lcd_get_size
                0x000262e0       0x24 drivers/built-in.o
                0x000262e0                lcd_get_size
 .text.gpio_renumber
                0x00026304       0x7c drivers/gpio/built-in.o
 .text.gpio_pre_remove
                0x00026380       0x50 drivers/gpio/built-in.o
 .text.gpio_post_probe
                0x000263d0       0x38 drivers/gpio/built-in.o
 .text.gpio_to_device
                0x00026408       0x80 drivers/gpio/built-in.o
 .text.check_reserved
                0x00026488       0x78 drivers/gpio/built-in.o
 .text.dm_gpio_lookup_name
                0x00026500      0x11c drivers/gpio/built-in.o
                0x00026500                dm_gpio_lookup_name
 .text.gpio_lookup_name
                0x0002661c       0x70 drivers/gpio/built-in.o
                0x0002661c                gpio_lookup_name
 .text.dm_gpio_request
                0x0002668c       0x9c drivers/gpio/built-in.o
                0x0002668c                dm_gpio_request
 .text.gpio_request
                0x00026728       0x2c drivers/gpio/built-in.o
                0x00026728                gpio_request
 .text._dm_gpio_free
                0x00026754       0x74 drivers/gpio/built-in.o
                0x00026754                _dm_gpio_free
 .text.gpio_free
                0x000267c8       0x28 drivers/gpio/built-in.o
                0x000267c8                gpio_free
 .text.gpio_direction_input
                0x000267f0       0x4c drivers/gpio/built-in.o
                0x000267f0                gpio_direction_input
 .text.gpio_direction_output
                0x0002683c       0x54 drivers/gpio/built-in.o
                0x0002683c                gpio_direction_output
 .text.dm_gpio_get_value
                0x00026890       0x4c drivers/gpio/built-in.o
                0x00026890                dm_gpio_get_value
 .text.dm_gpio_set_value
                0x000268dc       0x58 drivers/gpio/built-in.o
                0x000268dc                dm_gpio_set_value
 .text.gpio_get_value
                0x00026934       0x24 drivers/gpio/built-in.o
                0x00026934                gpio_get_value
 .text.gpio_set_value
                0x00026958       0x2c drivers/gpio/built-in.o
                0x00026958                gpio_set_value
 .text.gpio_get_bank_info
                0x00026984       0x1c drivers/gpio/built-in.o
                0x00026984                gpio_get_bank_info
 .text.get_function
                0x000269a0       0xb4 drivers/gpio/built-in.o
                0x000269a0                get_function
 .text.gpio_get_function
                0x00026a54        0xc drivers/gpio/built-in.o
                0x00026a54                gpio_get_function
 .text.gpio_get_raw_function
                0x00026a60        0xc drivers/gpio/built-in.o
                0x00026a60                gpio_get_raw_function
 .text.gpio_get_status
                0x00026a6c      0x114 drivers/gpio/built-in.o
                0x00026a6c                gpio_get_status
 .text.bcm2835_gpio_get_function
                0x00026b80       0x44 drivers/gpio/built-in.o
 .text.bcm2835_gpio_set_value
                0x00026bc4       0x44 drivers/gpio/built-in.o
 .text.bcm2835_gpio_get_value
                0x00026c08       0x34 drivers/gpio/built-in.o
 .text.bcm2835_gpio_direction_input
                0x00026c3c       0x50 drivers/gpio/built-in.o
 .text.bcm2835_gpio_direction_output
                0x00026c8c       0x68 drivers/gpio/built-in.o
 .text.bcm2835_gpio_probe
                0x00026cf4       0x48 drivers/gpio/built-in.o
 .text.bcm2835_sdhci_readl
                0x00026d3c        0xc drivers/mmc/built-in.o
 .text.bcm2835_sdhci_readw
                0x00026d48       0x20 drivers/mmc/built-in.o
 .text.bcm2835_sdhci_readb
                0x00026d68       0x20 drivers/mmc/built-in.o
 .text.bcm2835_sdhci_writel
                0x00026d88       0x3c drivers/mmc/built-in.o
 .text.bcm2835_sdhci_writew
                0x00026dc4       0x7c drivers/mmc/built-in.o
 .text.bcm2835_sdhci_writeb
                0x00026e40       0x54 drivers/mmc/built-in.o
 .text.bcm2835_sdhci_init
                0x00026e94       0x98 drivers/mmc/built-in.o
                0x00026e94                bcm2835_sdhci_init
 .text.mmc_set_ios
                0x00026f2c       0x20 drivers/mmc/built-in.o
 .text.mmc_set_capacity
                0x00026f4c       0xa4 drivers/mmc/built-in.o
 .text.board_mmc_getwp
                0x00026ff0        0x8 drivers/mmc/built-in.o
                0x00026ff0                board_mmc_getwp
 .text.mmc_getwp
                0x00026ff8       0x3c drivers/mmc/built-in.o
                0x00026ff8                mmc_getwp
 .text.board_mmc_getcd
                0x00027034        0x8 drivers/mmc/built-in.o
                0x00027034                board_mmc_getcd
 .text.mmc_send_cmd
                0x0002703c       0x18 drivers/mmc/built-in.o
                0x0002703c                mmc_send_cmd
 .text.mmc_send_op_cond_iter
                0x00027054       0x78 drivers/mmc/built-in.o
 .text.mmc_send_ext_csd
                0x000270cc       0x4c drivers/mmc/built-in.o
 .text.mmc_go_idle
                0x00027118       0x4c drivers/mmc/built-in.o
 .text.mmc_send_status
                0x00027164       0xdc drivers/mmc/built-in.o
                0x00027164                mmc_send_status
 .text.mmc_switch.isra.1
                0x00027240       0x54 drivers/mmc/built-in.o
 .text.mmc_set_blocklen
                0x00027294       0x40 drivers/mmc/built-in.o
                0x00027294                mmc_set_blocklen
 .text.find_mmc_device
                0x000272d4       0x4c drivers/mmc/built-in.o
                0x000272d4                find_mmc_device
 .text.mmc_switch_part
                0x00027320       0x5c drivers/mmc/built-in.o
                0x00027320                mmc_switch_part
 .text.mmc_select_hwpart
                0x0002737c       0x64 drivers/mmc/built-in.o
                0x0002737c                mmc_select_hwpart
 .text.mmc_bread
                0x000273e0      0x16c drivers/mmc/built-in.o
 .text.mmc_hwpart_config
                0x0002754c      0x45c drivers/mmc/built-in.o
                0x0002754c                mmc_hwpart_config
 .text.mmc_getcd
                0x000279a8       0x3c drivers/mmc/built-in.o
                0x000279a8                mmc_getcd
 .text.mmc_set_clock
                0x000279e4       0x24 drivers/mmc/built-in.o
                0x000279e4                mmc_set_clock
 .text.mmc_startup
                0x00027a08      0xda0 drivers/mmc/built-in.o
 .text.mmc_create
                0x000287a8       0xf8 drivers/mmc/built-in.o
                0x000287a8                mmc_create
 .text.board_mmc_power_init
                0x000288a0        0x4 drivers/mmc/built-in.o
                0x000288a0                board_mmc_power_init
 .text.mmc_start_init
                0x000288a4      0x270 drivers/mmc/built-in.o
                0x000288a4                mmc_start_init
 .text.mmc_init
                0x00028b14       0xf4 drivers/mmc/built-in.o
                0x00028b14                mmc_init
 .text.mmc_get_dev
                0x00028c08       0x2c drivers/mmc/built-in.o
                0x00028c08                mmc_get_dev
 .text.mmc_set_dsr
                0x00028c34        0xc drivers/mmc/built-in.o
                0x00028c34                mmc_set_dsr
 .text.cpu_mmc_init
                0x00028c40        0x8 drivers/mmc/built-in.o
                0x00028c40                cpu_mmc_init
 .text.print_mmc_devices
                0x00028c48       0xc0 drivers/mmc/built-in.o
                0x00028c48                print_mmc_devices
 .text.get_mmc_num
                0x00028d08       0x10 drivers/mmc/built-in.o
                0x00028d08                get_mmc_num
 .text.mmc_initialize
                0x00028d18       0x90 drivers/mmc/built-in.o
                0x00028d18                mmc_initialize
 .text.sdhci_init
                0x00028da8      0x28c drivers/mmc/built-in.o
 .text.sdhci_set_ios
                0x00029034      0x330 drivers/mmc/built-in.o
 .text.sdhci_reset
                0x00029364       0x9c drivers/mmc/built-in.o
 .text.sdhci_send_command
                0x00029400      0x6e0 drivers/mmc/built-in.o
 .text.add_sdhci
                0x00029ae0      0x198 drivers/mmc/built-in.o
                0x00029ae0                add_sdhci
 .text.mmc_berase
                0x00029c78      0x1b4 drivers/mmc/built-in.o
                0x00029c78                mmc_berase
 .text.mmc_bwrite
                0x00029e2c      0x188 drivers/mmc/built-in.o
                0x00029e2c                mmc_bwrite
 .text._serial_putc
                0x00029fb4       0x40 drivers/serial/built-in.o
 .text._serial_getc
                0x00029ff4       0x2c drivers/serial/built-in.o
 .text._serial_tstc
                0x0002a020       0x2c drivers/serial/built-in.o
 .text.serial_stub_putc
                0x0002a04c        0x8 drivers/serial/built-in.o
 .text.serial_stub_getc
                0x0002a054        0x8 drivers/serial/built-in.o
                0x0002a054                serial_stub_getc
 .text.serial_stub_tstc
                0x0002a05c        0x8 drivers/serial/built-in.o
                0x0002a05c                serial_stub_tstc
 .text.serial_pre_remove
                0x0002a064       0x24 drivers/serial/built-in.o
 .text.serial_post_probe
                0x0002a088       0xc4 drivers/serial/built-in.o
 .text.serial_stub_puts
                0x0002a14c       0x28 drivers/serial/built-in.o
                0x0002a14c                serial_stub_puts
 .text.serial_init
                0x0002a174       0x80 drivers/serial/built-in.o
                0x0002a174                serial_init
 .text.serial_initialize
                0x0002a1f4        0x4 drivers/serial/built-in.o
                0x0002a1f4                serial_initialize
 .text.serial_putc
                0x0002a1f8       0x18 drivers/serial/built-in.o
                0x0002a1f8                serial_putc
 .text.serial_puts
                0x0002a210       0x34 drivers/serial/built-in.o
                0x0002a210                serial_puts
 .text.serial_getc
                0x0002a244       0x14 drivers/serial/built-in.o
                0x0002a244                serial_getc
 .text.serial_tstc
                0x0002a258       0x14 drivers/serial/built-in.o
                0x0002a258                serial_tstc
 .text.serial_setbrg
                0x0002a26c       0x38 drivers/serial/built-in.o
                0x0002a26c                serial_setbrg
 .text.on_baudrate
                0x0002a2a4       0xf0 drivers/serial/built-in.o
 .text.serial_stdio_init
                0x0002a394        0x4 drivers/serial/built-in.o
                0x0002a394                serial_stdio_init
 .text.pl01x_serial_pending
                0x0002a398       0x3c drivers/serial/built-in.o
 .text.pl01x_serial_putc
                0x0002a3d4       0x2c drivers/serial/built-in.o
 .text.pl01x_serial_getc
                0x0002a400       0x38 drivers/serial/built-in.o
 .text.pl01x_serial_setbrg
                0x0002a438      0x10c drivers/serial/built-in.o
 .text.pl01x_serial_probe
                0x0002a544       0x68 drivers/serial/built-in.o
 .text.usb_host_eth_scan
                0x0002a5ac      0x1d8 drivers/usb/eth/built-in.o
                0x0002a5ac                usb_host_eth_scan
 .text.smsc95xx_halt
                0x0002a784        0x4 drivers/usb/eth/built-in.o
 .text.smsc95xx_write_reg
                0x0002a788       0x64 drivers/usb/eth/built-in.o
 .text.smsc95xx_write_hwaddr_common
                0x0002a7ec       0x68 drivers/usb/eth/built-in.o
 .text.smsc95xx_write_hwaddr
                0x0002a854       0x18 drivers/usb/eth/built-in.o
 .text.smsc95xx_read_reg
                0x0002a86c       0x70 drivers/usb/eth/built-in.o
 .text.smsc95xx_send_common
                0x0002a8dc       0xb4 drivers/usb/eth/built-in.o
 .text.smsc95xx_send
                0x0002a990        0x8 drivers/usb/eth/built-in.o
 .text.smsc95xx_recv
                0x0002a998      0x110 drivers/usb/eth/built-in.o
 .text.unlikely.smsc95xx_phy_wait_not_busy
                0x0002aaa8       0x4c drivers/usb/eth/built-in.o
 .text.unlikely.smsc95xx_mdio_read
                0x0002aaf4       0x60 drivers/usb/eth/built-in.o
 .text.unlikely.smsc95xx_mdio_write
                0x0002ab54       0x54 drivers/usb/eth/built-in.o
 .text.smsc95xx_init
                0x0002aba8      0x5d0 drivers/usb/eth/built-in.o
 .text.smsc95xx_eth_before_probe
                0x0002b178       0x14 drivers/usb/eth/built-in.o
                0x0002b178                smsc95xx_eth_before_probe
 .text.smsc95xx_eth_probe
                0x0002b18c      0x154 drivers/usb/eth/built-in.o
                0x0002b18c                smsc95xx_eth_probe
 .text.smsc95xx_eth_get_info
                0x0002b2e0       0x8c drivers/usb/eth/built-in.o
                0x0002b2e0                smsc95xx_eth_get_info
 .text.dwc_otg_core_reset
                0x0002b36c       0xb0 drivers/usb/host/built-in.o
 .text.wait_for_chhltd
                0x0002b41c       0x8c drivers/usb/host/built-in.o
                0x0002b41c                wait_for_chhltd
 .text.chunk_msg
                0x0002b4a8      0x3e8 drivers/usb/host/built-in.o
                0x0002b4a8                chunk_msg
 .text._submit_bulk_msg
                0x0002b890       0x70 drivers/usb/host/built-in.o
                0x0002b890                _submit_bulk_msg
 .text._submit_int_msg
                0x0002b900       0x80 drivers/usb/host/built-in.o
                0x0002b900                _submit_int_msg
 .text.submit_control_msg
                0x0002b980      0x54c drivers/usb/host/built-in.o
                0x0002b980                submit_control_msg
 .text.submit_bulk_msg
                0x0002becc       0x30 drivers/usb/host/built-in.o
                0x0002becc                submit_bulk_msg
 .text.submit_int_msg
                0x0002befc       0x38 drivers/usb/host/built-in.o
                0x0002befc                submit_int_msg
 .text.usb_lowlevel_init
                0x0002bf34      0x3b8 drivers/usb/host/built-in.o
                0x0002bf34                usb_lowlevel_init
 .text.usb_lowlevel_stop
                0x0002c2ec       0x28 drivers/usb/host/built-in.o
                0x0002c2ec                usb_lowlevel_stop
 .text.fs_probe_unsupported
                0x0002c314       0x18 fs/built-in.o
 .text.fs_ls_unsupported
                0x0002c32c        0x8 fs/built-in.o
 .text.fs_exists_unsupported
                0x0002c334        0x8 fs/built-in.o
 .text.fs_size_unsupported
                0x0002c33c        0x8 fs/built-in.o
 .text.fs_read_unsupported
                0x0002c344        0x8 fs/built-in.o
 .text.fs_write_unsupported
                0x0002c34c        0x8 fs/built-in.o
 .text.fs_close_unsupported
                0x0002c354        0x4 fs/built-in.o
 .text.fs_uuid_unsupported
                0x0002c358        0x8 fs/built-in.o
 .text.fs_get_info
                0x0002c360       0x30 fs/built-in.o
 .text.fs_close
                0x0002c390       0x28 fs/built-in.o
 .text.fs_set_blk_dev
                0x0002c3b8       0xb4 fs/built-in.o
                0x0002c3b8                fs_set_blk_dev
 .text.fs_ls    0x0002c46c       0x3c fs/built-in.o
                0x0002c46c                fs_ls
 .text.fs_exists
                0x0002c4a8       0x34 fs/built-in.o
                0x0002c4a8                fs_exists
 .text.fs_size  0x0002c4dc       0x3c fs/built-in.o
                0x0002c4dc                fs_size
 .text.fs_read  0x0002c518       0xa0 fs/built-in.o
                0x0002c518                fs_read
 .text.fs_write
                0x0002c5b8       0x88 fs/built-in.o
                0x0002c5b8                fs_write
 .text.do_size  0x0002c640       0x60 fs/built-in.o
                0x0002c640                do_size
 .text.do_load  0x0002c6a0      0x260 fs/built-in.o
                0x0002c6a0                do_load
 .text.do_ls    0x0002c900       0x6c fs/built-in.o
                0x0002c900                do_ls
 .text.file_exists
                0x0002c96c       0x2c fs/built-in.o
                0x0002c96c                file_exists
 .text.do_save  0x0002c998      0x188 fs/built-in.o
                0x0002c998                do_save
 .text.do_fs_type
                0x0002cb20       0x80 fs/built-in.o
                0x0002cb20                do_fs_type
 .text.get_fs   0x0002cba0        0xc fs/built-in.o
                0x0002cba0                get_fs
 .text.ext4fs_free_node
                0x0002cbac       0x24 fs/built-in.o
                0x0002cbac                ext4fs_free_node
 .text.ext4fs_read_file
                0x0002cbd0      0x3b4 fs/built-in.o
                0x0002cbd0                ext4fs_read_file
 .text.ext4fs_ls
                0x0002cf84       0x78 fs/built-in.o
                0x0002cf84                ext4fs_ls
 .text.ext4fs_exists
                0x0002cffc       0x18 fs/built-in.o
                0x0002cffc                ext4fs_exists
 .text.ext4fs_size
                0x0002d014        0x4 fs/built-in.o
                0x0002d014                ext4fs_size
 .text.ext4fs_read
                0x0002d018       0x5c fs/built-in.o
                0x0002d018                ext4fs_read
 .text.ext4fs_probe
                0x0002d074       0x30 fs/built-in.o
                0x0002d074                ext4fs_probe
 .text.ext4_read_file
                0x0002d0a4       0x7c fs/built-in.o
                0x0002d0a4                ext4_read_file
 .text.ext4fs_uuid
                0x0002d120       0x38 fs/built-in.o
                0x0002d120                ext4fs_uuid
 .text.ext4fs_read_inode
                0x0002d158      0x134 fs/built-in.o
                0x0002d158                ext4fs_read_inode
 .text.read_allocated_block
                0x0002d28c      0x99c fs/built-in.o
                0x0002d28c                read_allocated_block
 .text.ext4fs_reinit_global
                0x0002dc28       0xbc fs/built-in.o
                0x0002dc28                ext4fs_reinit_global
 .text.ext4fs_close
                0x0002dce4       0x60 fs/built-in.o
                0x0002dce4                ext4fs_close
 .text.ext4fs_iterate_dir
                0x0002dd44      0x2cc fs/built-in.o
                0x0002dd44                ext4fs_iterate_dir
 .text.ext4fs_find_file1
                0x0002e010      0x2b0 fs/built-in.o
 .text.ext4fs_find_file
                0x0002e2c0       0x74 fs/built-in.o
                0x0002e2c0                ext4fs_find_file
 .text.ext4fs_open
                0x0002e334       0xac fs/built-in.o
                0x0002e334                ext4fs_open
 .text.ext4fs_mount
                0x0002e3e0       0xc8 fs/built-in.o
                0x0002e3e0                ext4fs_mount
 .text.ext4fs_set_blk_dev
                0x0002e4a8       0x6c fs/built-in.o
                0x0002e4a8                ext4fs_set_blk_dev
 .text.ext4fs_devread
                0x0002e514      0x264 fs/built-in.o
                0x0002e514                ext4fs_devread
 .text.ext4_read_superblock
                0x0002e778       0x3c fs/built-in.o
                0x0002e778                ext4_read_superblock
 .text.downcase
                0x0002e7b4       0x30 fs/built-in.o
 .text.disk_read
                0x0002e7e4       0x64 fs/built-in.o
 .text.dirdelim
                0x0002e848       0x34 fs/built-in.o
 .text.get_fatent
                0x0002e87c      0x158 fs/built-in.o
 .text.mkcksum  0x0002e9d4       0x54 fs/built-in.o
 .text.disk_write
                0x0002ea28       0x8c fs/built-in.o
 .text.flush_fat_buffer
                0x0002eab4       0x80 fs/built-in.o
 .text.set_fatent_value
                0x0002eb34      0x100 fs/built-in.o
 .text.get_fatent_value
                0x0002ec34      0x1d0 fs/built-in.o
 .text.find_empty_cluster
                0x0002ee04       0x2c fs/built-in.o
 .text.get_name
                0x0002ee30       0xac fs/built-in.o